Archive member included because of file (symbol)

c:/program files (x86)/atmel/atmel toolchain/avr8 gcc/native/3.4.2.1002/avr8-gnu-toolchain/bin/../lib/gcc/avr/4.7.2/../../../../avr/lib/avr6\libm.a(addsf3.o)
                              MarlinSerial.o (__subsf3)
c:/program files (x86)/atmel/atmel toolchain/avr8 gcc/native/3.4.2.1002/avr8-gnu-toolchain/bin/../lib/gcc/avr/4.7.2/../../../../avr/lib/avr6\libm.a(addsf3x.o)
                              c:/program files (x86)/atmel/atmel toolchain/avr8 gcc/native/3.4.2.1002/avr8-gnu-toolchain/bin/../lib/gcc/avr/4.7.2/../../../../avr/lib/avr6\libm.a(addsf3.o) (__addsf3x)
c:/program files (x86)/atmel/atmel toolchain/avr8 gcc/native/3.4.2.1002/avr8-gnu-toolchain/bin/../lib/gcc/avr/4.7.2/../../../../avr/lib/avr6\libm.a(atan2.o)
                              motion_control.o (atan2)
c:/program files (x86)/atmel/atmel toolchain/avr8 gcc/native/3.4.2.1002/avr8-gnu-toolchain/bin/../lib/gcc/avr/4.7.2/../../../../avr/lib/avr6\libm.a(atan.o)
                              c:/program files (x86)/atmel/atmel toolchain/avr8 gcc/native/3.4.2.1002/avr8-gnu-toolchain/bin/../lib/gcc/avr/4.7.2/../../../../avr/lib/avr6\libm.a(atan2.o) (atan)
c:/program files (x86)/atmel/atmel toolchain/avr8 gcc/native/3.4.2.1002/avr8-gnu-toolchain/bin/../lib/gcc/avr/4.7.2/../../../../avr/lib/avr6\libm.a(ceil.o)
                              planner.o (ceil)
c:/program files (x86)/atmel/atmel toolchain/avr8 gcc/native/3.4.2.1002/avr8-gnu-toolchain/bin/../lib/gcc/avr/4.7.2/../../../../avr/lib/avr6\libm.a(cmpsf2.o)
                              Marlin_main.o (__eqsf2)
c:/program files (x86)/atmel/atmel toolchain/avr8 gcc/native/3.4.2.1002/avr8-gnu-toolchain/bin/../lib/gcc/avr/4.7.2/../../../../avr/lib/avr6\libm.a(cos.o)
                              motion_control.o (cos)
c:/program files (x86)/atmel/atmel toolchain/avr8 gcc/native/3.4.2.1002/avr8-gnu-toolchain/bin/../lib/gcc/avr/4.7.2/../../../../avr/lib/avr6\libm.a(divsf3.o)
                              MarlinSerial.o (__divsf3)
c:/program files (x86)/atmel/atmel toolchain/avr8 gcc/native/3.4.2.1002/avr8-gnu-toolchain/bin/../lib/gcc/avr/4.7.2/../../../../avr/lib/avr6\libm.a(divsf3x.o)
                              c:/program files (x86)/atmel/atmel toolchain/avr8 gcc/native/3.4.2.1002/avr8-gnu-toolchain/bin/../lib/gcc/avr/4.7.2/../../../../avr/lib/avr6\libm.a(divsf3.o) (__divsf3x)
c:/program files (x86)/atmel/atmel toolchain/avr8 gcc/native/3.4.2.1002/avr8-gnu-toolchain/bin/../lib/gcc/avr/4.7.2/../../../../avr/lib/avr6\libm.a(fixsfsi.o)
                              MarlinSerial.o (__fixsfsi)
c:/program files (x86)/atmel/atmel toolchain/avr8 gcc/native/3.4.2.1002/avr8-gnu-toolchain/bin/../lib/gcc/avr/4.7.2/../../../../avr/lib/avr6\libm.a(fixunssfsi.o)
                              MarlinSerial.o (__fixunssfsi)
c:/program files (x86)/atmel/atmel toolchain/avr8 gcc/native/3.4.2.1002/avr8-gnu-toolchain/bin/../lib/gcc/avr/4.7.2/../../../../avr/lib/avr6\libm.a(floatsisf.o)
                              MarlinSerial.o (__floatunsisf)
c:/program files (x86)/atmel/atmel toolchain/avr8 gcc/native/3.4.2.1002/avr8-gnu-toolchain/bin/../lib/gcc/avr/4.7.2/../../../../avr/lib/avr6\libm.a(floor.o)
                              motion_control.o (floor)
c:/program files (x86)/atmel/atmel toolchain/avr8 gcc/native/3.4.2.1002/avr8-gnu-toolchain/bin/../lib/gcc/avr/4.7.2/../../../../avr/lib/avr6\libm.a(fp_cmp.o)
                              c:/program files (x86)/atmel/atmel toolchain/avr8 gcc/native/3.4.2.1002/avr8-gnu-toolchain/bin/../lib/gcc/avr/4.7.2/../../../../avr/lib/avr6\libm.a(cmpsf2.o) (__fp_cmp)
c:/program files (x86)/atmel/atmel toolchain/avr8 gcc/native/3.4.2.1002/avr8-gnu-toolchain/bin/../lib/gcc/avr/4.7.2/../../../../avr/lib/avr6\libm.a(fp_inf.o)
                              c:/program files (x86)/atmel/atmel toolchain/avr8 gcc/native/3.4.2.1002/avr8-gnu-toolchain/bin/../lib/gcc/avr/4.7.2/../../../../avr/lib/avr6\libm.a(addsf3x.o) (__fp_inf)
c:/program files (x86)/atmel/atmel toolchain/avr8 gcc/native/3.4.2.1002/avr8-gnu-toolchain/bin/../lib/gcc/avr/4.7.2/../../../../avr/lib/avr6\libm.a(fp_mintl.o)
                              c:/program files (x86)/atmel/atmel toolchain/avr8 gcc/native/3.4.2.1002/avr8-gnu-toolchain/bin/../lib/gcc/avr/4.7.2/../../../../avr/lib/avr6\libm.a(ceil.o) (__fp_mintl)
c:/program files (x86)/atmel/atmel toolchain/avr8 gcc/native/3.4.2.1002/avr8-gnu-toolchain/bin/../lib/gcc/avr/4.7.2/../../../../avr/lib/avr6\libm.a(fp_mpack.o)
                              c:/program files (x86)/atmel/atmel toolchain/avr8 gcc/native/3.4.2.1002/avr8-gnu-toolchain/bin/../lib/gcc/avr/4.7.2/../../../../avr/lib/avr6\libm.a(ceil.o) (__fp_mpack)
c:/program files (x86)/atmel/atmel toolchain/avr8 gcc/native/3.4.2.1002/avr8-gnu-toolchain/bin/../lib/gcc/avr/4.7.2/../../../../avr/lib/avr6\libm.a(fp_nan.o)
[...]
Memory Configuration

Name             Origin             Length             Attributes
text             0x00000000         0x00100000         xr
data             0x00800200         0x0000fe00         rw !x
eeprom           0x00810000         0x00010000         rw !x
fuse             0x00820000         0x00000400         rw !x
lock             0x00830000         0x00000400         rw !x
signature        0x00840000         0x00000400         rw !x
user_signatures  0x00850000         0x00000400         rw !x
*default*        0x00000000         0xffffffff

Linker script and memory map

Address of section .data set to 0x800200
LOAD c:/program files (x86)/atmel/atmel toolchain/avr8 gcc/native/3.4.2.1002/avr8-gnu-toolchain/bin/../lib/gcc/avr/4.7.2/../../../../avr/lib/avr6/crtm2560.o
LOAD libs/I2CIO.o
LOAD libs/LCD.o
LOAD libs/LiquidCrystal_I2C.o
LOAD libs/LiquidTWI2.o
LOAD cardreader.o
LOAD ConfigurationStore.o
LOAD libs/Wire.o
LOAD LiquidCrystalRus.o
LOAD Marlin.o
LOAD MarlinSerial.o
LOAD Marlin_main.o
LOAD motion_control.o
LOAD planner.o
LOAD Sd2Card.o
LOAD SdBaseFile.o
LOAD SdFatUtil.o
LOAD SdFile.o
LOAD SdVolume.o
LOAD Servo.o
LOAD stepper.o
LOAD temperature.o
LOAD twi.o
LOAD ultralcd.o
LOAD watchdog.o
START GROUP
LOAD c:/program files (x86)/atmel/atmel toolchain/avr8 gcc/native/3.4.2.1002/avr8-gnu-toolchain/bin/../lib/gcc/avr/4.7.2/../../../../avr/lib/avr6\libm.a
LOAD C:\Users\Shady\Documents\Atmel Studio\arduinoCoreMega\libcore.a
END GROUP
LOAD c:/program files (x86)/atmel/atmel toolchain/avr8 gcc/native/3.4.2.1002/avr8-gnu-toolchain/bin/../lib/gcc/avr/4.7.2/avr6\libgcc.a
LOAD c:/program files (x86)/atmel/atmel toolchain/avr8 gcc/native/3.4.2.1002/avr8-gnu-toolchain/bin/../lib/gcc/avr/4.7.2/../../../../avr/lib/avr6\libm.a
LOAD c:/program files (x86)/atmel/atmel toolchain/avr8 gcc/native/3.4.2.1002/avr8-gnu-toolchain/bin/../lib/gcc/avr/4.7.2/avr6\libgcc.a
LOAD c:/program files (x86)/atmel/atmel toolchain/avr8 gcc/native/3.4.2.1002/avr8-gnu-toolchain/bin/../lib/gcc/avr/4.7.2/../../../../avr/lib/avr6\libc.a
LOAD c:/program files (x86)/atmel/atmel toolchain/avr8 gcc/native/3.4.2.1002/avr8-gnu-toolchain/bin/../lib/gcc/avr/4.7.2/avr6\libgcc.a

.hash
 *(.hash)

.dynsym
 *(.dynsym)

.dynstr
 *(.dynstr)

.gnu.version
 *(.gnu.version)

.gnu.version_d
 *(.gnu.version_d)

.gnu.version_r
 *(.gnu.version_r)

.rel.init
 *(.rel.init)

.rela.init
 *(.rela.init)

.rel.text
 *(.rel.text)
 *(.rel.text.*)
 *(.rel.gnu.linkonce.t*)

.rela.text
 *(.rela.text)
 *(.rela.text.*)
 *(.rela.gnu.linkonce.t*)

.rel.fini
 *(.rel.fini)

.rela.fini
 *(.rela.fini)

.rel.rodata
 *(.rel.rodata)
 *(.rel.rodata.*)
 *(.rel.gnu.linkonce.r*)

.rela.rodata
 *(.rela.rodata)
 *(.rela.rodata.*)
 *(.rela.gnu.linkonce.r*)

.rel.data
 *(.rel.data)
 *(.rel.data.*)
 *(.rel.gnu.linkonce.d*)

.rela.data
 *(.rela.data)
 *(.rela.data.*)
 *(.rela.gnu.linkonce.d*)

.rel.ctors
 *(.rel.ctors)

.rela.ctors
 *(.rela.ctors)

.rel.dtors
 *(.rel.dtors)

.rela.dtors
 *(.rela.dtors)

.rel.got
 *(.rel.got)

.rela.got
 *(.rela.got)

.rel.bss
 *(.rel.bss)

.rela.bss
 *(.rela.bss)

.rel.plt
 *(.rel.plt)

.rela.plt
 *(.rela.plt)

.text           0x00000000    0x18e54
 *(.vectors)
 .vectors       0x00000000       0xe4 c:/program files (x86)/atmel/atmel toolchain/avr8 gcc/native/3.4.2.1002/avr8-gnu-toolchain/bin/../lib/gcc/avr/4.7.2/../../../../avr/lib/avr6/crtm2560.o
                0x00000000                __vector_default
                0x00000000                __vectors
 *(.vectors)
 *(.progmem.gcc*)
 .progmem.gcc_fplib
                0x000000e4       0x2d c:/program files (x86)/atmel/atmel toolchain/avr8 gcc/native/3.4.2.1002/avr8-gnu-toolchain/bin/../lib/gcc/avr/4.7.2/../../../../avr/lib/avr6\libm.a(atan.o)
 .progmem.gcc_fplib
                0x00000111       0x1e c:/program files (x86)/atmel/atmel toolchain/avr8 gcc/native/3.4.2.1002/avr8-gnu-toolchain/bin/../lib/gcc/avr/4.7.2/../../../../avr/lib/avr6\libm.a(fp_sinus.o)
 *(.progmem*)
 .progmem.data._ZL9echomagic
                0x0000012f        0x6 cardreader.o
 .progmem.data._ZZN10CardReader6initsdEvE3__c
                0x00000135        0xd cardreader.o
 .progmem.data._ZL10errormagic
                0x00000142        0x7 cardreader.o
 .progmem.data._ZZN10CardReader6initsdEvE3__c_0
                0x00000149       0x13 cardreader.o
 .progmem.data._ZZN10CardReader6initsdEvE3__c_1
                0x0000015c       0x10 cardreader.o
 .progmem.data._ZZN10CardReader6initsdEvE3__c_2
                0x0000016c        0xb cardreader.o
 .progmem.data._ZZN10CardReader8openFileEPcbE3__c
                0x00000177       0x14 cardreader.o
 .progmem.data._ZZN10CardReader8openFileEPcbE3__c_0
                0x0000018b        0x2 cardreader.o
 .progmem.data._ZZN10CardReader8openFileEPcbE3__c_1
                0x0000018d        0xe cardreader.o
 .progmem.data._ZZN10CardReader8openFileEPcbE3__c_2
                0x0000019b        0x8 cardreader.o
 .progmem.data._ZZN10CardReader8openFileEPcbE3__c_3
                0x000001a3        0xe cardreader.o
 .progmem.data._ZZN10CardReader8openFileEPcbE3__c_4
                0x000001b1       0x14 cardreader.o
 .progmem.data._ZZN10CardReader8openFileEPcbE3__c_5
                0x000001c5        0x2 cardreader.o
 .progmem.data._ZZN10CardReader8openFileEPcbE3__c_6
                0x000001c7       0x14 cardreader.o
 .progmem.data._ZZN10CardReader8openFileEPcbE3__c_7
                0x000001db        0x2 cardreader.o
 .progmem.data._ZZN10CardReader8openFileEPcbE3__c_8
                0x000001dd       0x12 cardreader.o
 .progmem.data._ZZN10CardReader10removeFileEPcE3__c
                0x000001ef       0x14 cardreader.o
 .progmem.data._ZZN10CardReader10removeFileEPcE3__c_0
                0x00000203        0x2 cardreader.o
 .progmem.data._ZZN10CardReader10removeFileEPcE3__c_1
                0x00000205        0xe cardreader.o
 .progmem.data._ZZN10CardReader10removeFileEPcE3__c_2
                0x00000213       0x18 cardreader.o
 .progmem.data._ZZN10CardReader10removeFileEPcE3__c_3
                0x0000022b        0x2 cardreader.o
 .progmem.data._ZZN10CardReader9getStatusEvE3__c
                0x0000022d       0x12 cardreader.o
 .progmem.data._ZZN10CardReader9getStatusEvE3__c_0
                0x0000023f        0x2 cardreader.o
 .progmem.data._ZZN10CardReader9getStatusEvE3__c_1
                0x00000241       0x10 cardreader.o
 .progmem.data._ZZN10CardReader13write_commandEPcE3__c
                0x00000251       0x16 cardreader.o
 .progmem.data._ZZN10CardReader14checkautostartEbE3__c
                0x00000267        0x9 cardreader.o
 .progmem.data._ZZN10CardReader14checkautostartEbE3__c_0
                0x00000270        0x7 cardreader.o
 .progmem.data._ZZN10CardReader14checkautostartEbE3__c_1
                0x00000277        0x4 cardreader.o
 .progmem.data._ZZN10CardReader5chdirEPKcE3__c
                0x0000027b       0x16 cardreader.o
 .progmem.data._ZZN10CardReader19printingHasFinishedEvE3__c
                0x00000291        0xc cardreader.o
 .progmem.data._ZL9echomagic
                0x0000029d        0x6 ConfigurationStore.o
 .progmem.data._ZZ19Config_ResetDefaultvE3__c
                0x000002a3       0x22 ConfigurationStore.o
 .progmem.data._ZL9echomagic
                0x000002c5        0x6 Marlin_main.o
 .progmem.data._ZZ12enquecommandPKcE3__c
                0x000002cb        0xb Marlin_main.o
 .progmem.data._ZZ12enquecommandPKcE3__c_0
                0x000002d6        0x2 Marlin_main.o
 .progmem.data._ZZ14enquecommand_PPKcE3__c
                0x000002d8        0xb Marlin_main.o
 .progmem.data._ZZ14enquecommand_PPKcE3__c_0
                0x000002e3        0x2 Marlin_main.o
 .progmem.data._ZZ5setupE3__c
                0x000002e5        0x6 Marlin_main.o
 .progmem.data._ZZ5setupE3__c_0
                0x000002eb        0x8 Marlin_main.o
 .progmem.data._ZZ5setupE3__c_1
                0x000002f3       0x10 Marlin_main.o
 .progmem.data._ZZ5setupE3__c_2
                0x00000303       0x11 Marlin_main.o
 .progmem.data._ZZ5setupE3__c_3
                0x00000314       0x10 Marlin_main.o
 .progmem.data._ZZ5setupE3__c_4
                0x00000324       0x10 Marlin_main.o
 .progmem.data._ZZ5setupE3__c_5
                0x00000334        0x8 Marlin_main.o
 .progmem.data._ZZ5setupE3__c_6
                0x0000033c        0x6 Marlin_main.o
 .progmem.data._ZZ5setupE3__c_7
                0x00000342       0x10 Marlin_main.o
 .progmem.data._ZZ5setupE3__c_8
                0x00000352       0x15 Marlin_main.o
 .progmem.data._ZZ5setupE3__c_9
                0x00000367        0xc Marlin_main.o
 .progmem.data._ZZ5setupE3__c_10
                0x00000373       0x17 Marlin_main.o
 .progmem.data._ZZ5setupE3__c_11
                0x0000038a        0xb Marlin_main.o
 .progmem.data._ZZ5setupE3__c_12
                0x00000395        0xc Marlin_main.o
 .progmem.data._ZZ5setupE3__c_13
                0x000003a1        0xf Marlin_main.o
 .progmem.data._ZZ5setupE3__c_14
                0x000003b0       0x17 Marlin_main.o
 .progmem.data._ZZ4loopE3__c
                0x000003c7        0x4 Marlin_main.o
 .progmem.data._ZZ4loopE3__c_0
                0x000003cb        0x3 Marlin_main.o
 .progmem.data._ZZ4loopE3__c_1
                0x000003ce       0x12 Marlin_main.o
 .progmem.data._ZZ11get_commandvE3__c
                0x000003e0        0x5 Marlin_main.o
 .progmem.data._ZL10errormagic
                0x000003e5        0x7 Marlin_main.o
 .progmem.data._ZZ11get_commandvE3__c_0
                0x000003ec       0x33 Marlin_main.o
 .progmem.data._ZZ11get_commandvE3__c_1
                0x0000041f       0x1f Marlin_main.o
 .progmem.data._ZZ11get_commandvE3__c_2
                0x0000043e       0x2a Marlin_main.o
 .progmem.data._ZZ11get_commandvE3__c_3
                0x00000468       0x2a Marlin_main.o
 .progmem.data._ZZ11get_commandvE3__c_4
                0x00000492        0x3 Marlin_main.o
 .progmem.data._ZZ11get_commandvE3__c_5
                0x00000495       0x76 Marlin_main.o
 .progmem.data._ZZ11get_commandvE3__c_6
                0x0000050b        0xa Marlin_main.o
 .progmem.data._ZZ11get_commandvE3__c_7
                0x00000515       0x13 Marlin_main.o
 .progmem.data._ZZ11get_commandvE3__c_8
                0x00000528       0x14 Marlin_main.o
 .progmem.data._ZZ16process_commandsvE3__c
                0x0000053c        0x9 Marlin_main.o
 .progmem.data._ZZ16process_commandsvE3__c_0
                0x00000545       0x11 Marlin_main.o
 .progmem.data._ZZ16process_commandsvE3__c_1
                0x00000556        0xf Marlin_main.o
 .progmem.data._ZZ16process_commandsvE3__c_2
                0x00000565        0x9 Marlin_main.o
 .progmem.data._ZZ16process_commandsvE3__c_3
                0x0000056e       0x10 Marlin_main.o
 .progmem.data._ZZ16process_commandsvE3__c_4
                0x0000057e        0xe Marlin_main.o
 .progmem.data._ZZ16process_commandsvE3__c_5
                0x0000058c        0xf Marlin_main.o
 .progmem.data._ZZ16process_commandsvE3__c_6
                0x0000059b        0x6 Marlin_main.o
 .progmem.data._ZZ16process_commandsvE3__c_7
                0x000005a1        0x3 Marlin_main.o
 .progmem.data._ZZ16process_commandsvE3__c_8
                0x000005a4        0x4 Marlin_main.o
 .progmem.data._ZZ16process_commandsvE3__c_9
                0x000005a8        0x3 Marlin_main.o
 .progmem.data._ZZ16process_commandsvE3__c_10
                0x000005ab        0x3 Marlin_main.o
 .progmem.data._ZZ16process_commandsvE3__c_11
                0x000005ae        0x2 Marlin_main.o
 .progmem.data._ZZ16process_commandsvE3__c_12
                0x000005b0        0x3 Marlin_main.o
 .progmem.data._ZZ16process_commandsvE3__c_13
                0x000005b3        0x4 Marlin_main.o
 .progmem.data._ZZ16process_commandsvE3__c_14
                0x000005b7        0x5 Marlin_main.o
 .progmem.data._ZZ16process_commandsvE3__c_15
                0x000005bc        0xb Marlin_main.o
 .progmem.data._ZZ16process_commandsvE3__c_16
                0x000005c7        0x3 Marlin_main.o
 .progmem.data._ZZ16process_commandsvE3__c_17
                0x000005ca        0x4 Marlin_main.o
 .progmem.data._ZZ16process_commandsvE3__c_18
                0x000005ce        0x4 Marlin_main.o
 .progmem.data._ZZ16process_commandsvE3__c_19
                0x000005d2        0xe Marlin_main.o
 .progmem.data._ZZ16process_commandsvE3__c_20
                0x000005e0        0xd Marlin_main.o
 .progmem.data._ZZ16process_commandsvE3__c_21
                0x000005ed        0x3 Marlin_main.o
 .progmem.data._ZZ16process_commandsvE3__c_22
                0x000005f0        0x4 Marlin_main.o
 .progmem.data._ZZ16process_commandsvE3__c_23
                0x000005f4        0x4 Marlin_main.o
 .progmem.data._ZZ16process_commandsvE3__c_24
                0x000005f8        0xa Marlin_main.o
 .progmem.data._ZZ16process_commandsvE3__c_25
                0x00000602       0x11 Marlin_main.o
 .progmem.data._ZZ16process_commandsvE3__c_26
                0x00000613        0xf Marlin_main.o
 .progmem.data._ZZ16process_commandsvE3__c_27
                0x00000622       0xa0 Marlin_main.o
 .progmem.data._ZZ16process_commandsvE3__c_28
                0x000006c2        0x3 Marlin_main.o
 .progmem.data._ZZ16process_commandsvE3__c_29
                0x000006c5        0x3 Marlin_main.o
 .progmem.data._ZZ16process_commandsvE3__c_30
                0x000006c8        0x3 Marlin_main.o
 .progmem.data._ZZ16process_commandsvE3__c_31
                0x000006cb        0x3 Marlin_main.o
 .progmem.data._ZZ16process_commandsvE3__c_32
                0x000006ce        0xb Marlin_main.o
 .progmem.data._ZZ16process_commandsvE3__c_33
                0x000006d9        0x3 Marlin_main.o
 .progmem.data._ZZ16process_commandsvE3__c_34
                0x000006dc        0x3 Marlin_main.o
 .progmem.data._ZZ16process_commandsvE3__c_35
                0x000006df        0x8 Marlin_main.o
 .progmem.data._ZZ16process_commandsvE3__c_36
                0x000006e7        0x8 Marlin_main.o
 .progmem.data._ZZ16process_commandsvE3__c_37
                0x000006ef        0x8 Marlin_main.o
 .progmem.data._ZZ16process_commandsvE3__c_38
                0x000006f7        0x8 Marlin_main.o
 .progmem.data._ZZ16process_commandsvE3__c_39
                0x000006ff        0x8 Marlin_main.o
 .progmem.data._ZZ16process_commandsvE3__c_40
                0x00000707        0x8 Marlin_main.o
 .progmem.data._ZZ16process_commandsvE3__c_41
                0x0000070f       0x13 Marlin_main.o
 .progmem.data._ZZ16process_commandsvE3__c_42
                0x00000722        0x2 Marlin_main.o
 .progmem.data._ZL10home_dir_P
                0x00000724        0x3 Marlin_main.o
 .progmem.data._ZL12max_length_P
                0x00000727        0xc Marlin_main.o
 .progmem.data._ZL17home_retract_mm_P
                0x00000733        0xc Marlin_main.o
 .progmem.data._ZL15base_home_pos_P
                0x0000073f        0xc Marlin_main.o
 .progmem.data._ZL14base_min_pos_P
                0x0000074b        0xc Marlin_main.o
 .progmem.data._ZL14base_max_pos_P
                0x00000757        0xc Marlin_main.o
 .progmem.data._ZZ24FlushSerialRequestResendvE3__c
                0x00000763        0x9 Marlin_main.o
 .progmem.data._ZZ11ClearToSendvE3__c
                0x0000076c        0x3 Marlin_main.o
 .progmem.data._ZZ4killvE3__c
                0x0000076f       0x1f Marlin_main.o
 .progmem.data._ZZ4killvE3__c_0
                0x0000078e        0x9 Marlin_main.o
 .progmem.data._ZZ4StopvE3__c
                0x00000797       0x76 Marlin_main.o
 .progmem.data._ZZ4StopvE3__c_0
                0x0000080d        0xa Marlin_main.o
 .progmem.data._ZL9echomagic
                0x00000817        0x6 planner.o
 .progmem.data._ZZ16plan_buffer_lineRKfS0_S0_S0_fRKhE3__c
                0x0000081d       0x1a planner.o
 .progmem.data._ZZ16plan_buffer_lineRKfS0_S0_S0_fRKhE3__c_0
                0x00000837       0x1e planner.o
 .progmem.data._ZZN10SdBaseFile10make83NameEPKcPhPS1_E3__c
                0x00000855       0x10 SdBaseFile.o
 .progmem.data._ZL9echomagic
                0x00000865        0x6 stepper.o
 .progmem.data._ZZ16checkHitEndstopsvE3__c
                0x0000086b        0xf stepper.o
 .progmem.data._ZZ16checkHitEndstopsvE3__c_0
                0x0000087a        0x4 stepper.o
 .progmem.data._ZZ16checkHitEndstopsvE3__c_1
                0x0000087e       0x10 stepper.o
 .progmem.data._ZZ16checkHitEndstopsvE3__c_2
                0x0000088e        0x4 stepper.o
 .progmem.data._ZZ16checkHitEndstopsvE3__c_3
                0x00000892       0x10 stepper.o
 .progmem.data._ZZ16checkHitEndstopsvE3__c_4
                0x000008a2        0x4 stepper.o
 .progmem.data._ZZ16checkHitEndstopsvE3__c_5
                0x000008a6       0x10 stepper.o
 .progmem.data._ZL22speed_lookuptable_fast
                0x000008b6      0x400 stepper.o
 .progmem.data._ZL22speed_lookuptable_slow
                0x00000cb6      0x400 stepper.o
 .progmem.data._ZZ12PID_autotunefiiE3__c
                0x000010b6        0x8 temperature.o
 .progmem.data._ZZ12PID_autotunefiiE3__c_0
                0x000010be        0x5 temperature.o
 .progmem.data._ZZ12PID_autotunefiiE3__c_1
                0x000010c3        0x7 temperature.o
 .progmem.data._ZZ12PID_autotunefiiE3__c_2
                0x000010ca        0x7 temperature.o
 .progmem.data._ZZ12PID_autotunefiiE3__c_3
                0x000010d1        0x6 temperature.o
 .progmem.data._ZZ12PID_autotunefiiE3__c_4
                0x000010d7        0x6 temperature.o
 .progmem.data._ZZ12PID_autotunefiiE3__c_5
                0x000010dd        0xd temperature.o
 .progmem.data._ZZ12PID_autotunefiiE3__c_6
                0x000010ea        0x6 temperature.o
 .progmem.data._ZZ12PID_autotunefiiE3__c_7
                0x000010f0        0x6 temperature.o
 .progmem.data._ZZ12PID_autotunefiiE3__c_8
                0x000010f6        0x6 temperature.o
 .progmem.data._ZZ12PID_autotunefiiE3__c_9
                0x000010fc       0x2a temperature.o
 .progmem.data._ZZ12PID_autotunefiiE3__c_10
                0x00001126        0x6 temperature.o
 .progmem.data._ZZ12PID_autotunefiiE3__c_11
                0x0000112c        0x6 temperature.o
 .progmem.data._ZZ12PID_autotunefiiE3__c_12
                0x00001132        0x4 temperature.o
 .progmem.data._ZZ12PID_autotunefiiE3__c_13
                0x00001136       0x1d temperature.o
 .progmem.data._ZZ12PID_autotunefiiE3__c_14
                0x00001153       0x4c temperature.o
 .progmem.data._ZL10errormagic
                0x0000119f        0x7 temperature.o
 .progmem.data._ZZL11analog2tempihE3__c
                0x000011a6       0x1d temperature.o
 .progmem.data._ZZ14max_temp_errorhE3__c
                0x000011c3       0x2d temperature.o
 .progmem.data._ZZ14max_temp_errorhE3__c_0
                0x000011f0        0xd temperature.o
 .progmem.data._ZZ14min_temp_errorhE3__c
                0x000011fd       0x2d temperature.o
 .progmem.data._ZZ14min_temp_errorhE3__c_0
                0x0000122a        0xd temperature.o
 .progmem.data._ZZL13lcd_main_menuvE3__c
                0x00001237        0xc ultralcd.o
 .progmem.data._ZZL13lcd_main_menuvE3__c_0
                0x00001243        0x5 ultralcd.o
 .progmem.data._ZZL13lcd_main_menuvE3__c_1
                0x00001248        0x8 ultralcd.o
 .progmem.data._ZZL13lcd_main_menuvE3__c_2
                0x00001250        0x8 ultralcd.o
 .progmem.data._ZZL13lcd_main_menuvE3__c_3
                0x00001258        0xc ultralcd.o
 .progmem.data._ZZL13lcd_main_menuvE3__c_4
                0x00001264        0xd ultralcd.o
 .progmem.data._ZZL13lcd_main_menuvE3__c_5
                0x00001271        0xb ultralcd.o
 .progmem.data._ZZL13lcd_main_menuvE3__c_6
                0x0000127c        0xe ultralcd.o
 .progmem.data._ZZL13lcd_main_menuvE3__c_7
                0x0000128a        0x8 ultralcd.o
 .progmem.data._ZZL15lcd_sdcard_menuvE3__c
                0x00001292        0x5 ultralcd.o
 .progmem.data._ZZL15lcd_sdcard_menuvE3__c_0
                0x00001297        0x4 ultralcd.o
 .progmem.data._ZZL18menu_action_sdfilePKcPcE3__c
                0x0000129b        0x7 ultralcd.o
 .progmem.data._ZZL18menu_action_sdfilePKcPcE3__c_0
                0x000012a2        0x4 ultralcd.o
 .progmem.data._ZZL15lcd_sdcard_stopvE3__c
                0x000012a6        0xc ultralcd.o
 .progmem.data._ZZL16lcd_control_menuvE3__c
                0x000012b2        0x5 ultralcd.o
 .progmem.data._ZZL16lcd_control_menuvE3__c_0
                0x000012b7        0xc ultralcd.o
 .progmem.data._ZZL16lcd_control_menuvE3__c_1
                0x000012c3        0x7 ultralcd.o
 .progmem.data._ZZL16lcd_control_menuvE3__c_2
                0x000012ca       0x11 ultralcd.o
 .progmem.data._ZZL23lcd_control_motion_menuvE3__c
                0x000012db        0x8 ultralcd.o
 .progmem.data._ZZL23lcd_control_motion_menuvE3__c_0
                0x000012e3        0x6 ultralcd.o
 .progmem.data._ZZL23lcd_control_motion_menuvE3__c_1
                0x000012e9        0x6 ultralcd.o
 .progmem.data._ZZL23lcd_control_motion_menuvE3__c_2
                0x000012ef        0x9 ultralcd.o
 .progmem.data._ZZL23lcd_control_motion_menuvE3__c_3
                0x000012f8        0x9 ultralcd.o
 .progmem.data._ZZL23lcd_control_motion_menuvE3__c_4
                0x00001301        0x8 ultralcd.o
 .progmem.data._ZZL23lcd_control_motion_menuvE3__c_5
                0x00001309        0x8 ultralcd.o
 .progmem.data._ZZL23lcd_control_motion_menuvE3__c_6
                0x00001311        0x8 ultralcd.o
 .progmem.data._ZZL23lcd_control_motion_menuvE3__c_7
                0x00001319        0x8 ultralcd.o
 .progmem.data._ZZL23lcd_control_motion_menuvE3__c_8
                0x00001321        0x7 ultralcd.o
 .progmem.data._ZZL23lcd_control_motion_menuvE3__c_9
                0x00001328        0x7 ultralcd.o
 .progmem.data._ZZL23lcd_control_motion_menuvE3__c_10
                0x0000132f        0x7 ultralcd.o
 .progmem.data._ZZL23lcd_control_motion_menuvE3__c_11
                0x00001336        0x7 ultralcd.o
 .progmem.data._ZZL23lcd_control_motion_menuvE3__c_12
                0x0000133d        0x7 ultralcd.o
 .progmem.data._ZZL23lcd_control_motion_menuvE3__c_13
                0x00001344        0x7 ultralcd.o
 .progmem.data._ZZL23lcd_control_motion_menuvE3__c_14
                0x0000134b        0x7 ultralcd.o
 .progmem.data._ZZL23lcd_control_motion_menuvE3__c_15
                0x00001352        0x7 ultralcd.o
 .progmem.data._ZZL23lcd_control_motion_menuvE3__c_16
                0x00001359        0x5 ultralcd.o
 .progmem.data._ZZL23lcd_control_motion_menuvE3__c_17
                0x0000135e        0x5 ultralcd.o
 .progmem.data._ZZL23lcd_control_motion_menuvE3__c_18
                0x00001363        0xa ultralcd.o
 .progmem.data._ZZL23lcd_control_motion_menuvE3__c_19
                0x0000136d        0xa ultralcd.o
 .progmem.data._ZZL23lcd_control_motion_menuvE3__c_20
                0x00001377        0x7 ultralcd.o
 .progmem.data._ZZL23lcd_control_motion_menuvE3__c_21
                0x0000137e        0x7 ultralcd.o
 .progmem.data._ZZL23lcd_control_motion_menuvE3__c_22
                0x00001385        0x7 ultralcd.o
 .progmem.data._ZZL23lcd_control_motion_menuvE3__c_23
                0x0000138c        0x7 ultralcd.o
 .progmem.data._ZZL23lcd_control_motion_menuvE3__c_24
                0x00001393        0x7 ultralcd.o
 .progmem.data._ZZL23lcd_control_motion_menuvE3__c_25
                0x0000139a        0x7 ultralcd.o
 .progmem.data._ZZL23lcd_control_motion_menuvE3__c_26
                0x000013a1        0x7 ultralcd.o
 .progmem.data._ZZL23lcd_control_motion_menuvE3__c_27
                0x000013a8        0x7 ultralcd.o
 .progmem.data._ZZL23lcd_control_motion_menuvE3__c_28
                0x000013af        0xa ultralcd.o
 .progmem.data._ZZL23lcd_control_motion_menuvE3__c_29
                0x000013b9        0xa ultralcd.o
 .progmem.data._ZZL23lcd_control_motion_menuvE3__c_30
                0x000013c3        0xa ultralcd.o
 .progmem.data._ZZL23lcd_control_motion_menuvE3__c_31
                0x000013cd        0xa ultralcd.o
 .progmem.data._ZZL23lcd_control_motion_menuvE3__c_32
                0x000013d7        0xa ultralcd.o
 .progmem.data._ZZL23lcd_control_motion_menuvE3__c_33
                0x000013e1        0xa ultralcd.o
 .progmem.data._ZZL23lcd_control_motion_menuvE3__c_34
                0x000013eb        0xa ultralcd.o
 .progmem.data._ZZL23lcd_control_motion_menuvE3__c_35
                0x000013f5        0xa ultralcd.o
 .progmem.data._ZZL23lcd_control_motion_menuvE3__c_36
                0x000013ff        0xa ultralcd.o
 .progmem.data._ZZL23lcd_control_motion_menuvE3__c_37
                0x00001409        0xa ultralcd.o
 .progmem.data._ZZL28lcd_control_temperature_menuvE3__c
                0x00001413        0x8 ultralcd.o
 .progmem.data._ZZL28lcd_control_temperature_menuvE3__c_0
                0x0000141b        0x7 ultralcd.o
 .progmem.data._ZZL28lcd_control_temperature_menuvE3__c_1
                0x00001422        0x7 ultralcd.o
 .progmem.data._ZZL28lcd_control_temperature_menuvE3__c_2
                0x00001429        0x8 ultralcd.o
 .progmem.data._ZZL28lcd_control_temperature_menuvE3__c_3
                0x00001431        0x8 ultralcd.o
 .progmem.data._ZZL28lcd_control_temperature_menuvE3__c_4
                0x00001439        0xa ultralcd.o
 .progmem.data._ZZL28lcd_control_temperature_menuvE3__c_5
                0x00001443        0xa ultralcd.o
 .progmem.data._ZZL28lcd_control_temperature_menuvE3__c_6
                0x0000144d        0x9 ultralcd.o
 .progmem.data._ZZL28lcd_control_temperature_menuvE3__c_7
                0x00001456        0x4 ultralcd.o
 .progmem.data._ZZL28lcd_control_temperature_menuvE3__c_8
                0x0000145a        0x4 ultralcd.o
 .progmem.data._ZZL28lcd_control_temperature_menuvE3__c_9
                0x0000145e        0x4 ultralcd.o
 .progmem.data._ZZL28lcd_control_temperature_menuvE3__c_10
                0x00001462        0x4 ultralcd.o
 .progmem.data._ZZL28lcd_control_temperature_menuvE3__c_12
                0x00001466        0x7 ultralcd.o
 .progmem.data._ZZL28lcd_control_temperature_menuvE3__c_13
                0x0000146d        0x7 ultralcd.o
 .progmem.data._ZZL28lcd_control_temperature_menuvE3__c_14
                0x00001474        0x7 ultralcd.o
 .progmem.data._ZZL28lcd_control_temperature_menuvE3__c_15
                0x0000147b        0x7 ultralcd.o
 .progmem.data._ZZL28lcd_control_temperature_menuvE3__c_16
                0x00001482        0x8 ultralcd.o
 .progmem.data._ZZL28lcd_control_temperature_menuvE3__c_17
                0x0000148a        0x8 ultralcd.o
 .progmem.data._ZZL28lcd_control_temperature_menuvE3__c_18
                0x00001492        0x6 ultralcd.o
 .progmem.data._ZZL28lcd_control_temperature_menuvE3__c_19
                0x00001498        0x6 ultralcd.o
 .progmem.data._ZZL28lcd_control_temperature_menuvE3__c_20
                0x0000149e        0x6 ultralcd.o
 .progmem.data._ZZL28lcd_control_temperature_menuvE3__c_21
                0x000014a4        0x6 ultralcd.o
 .progmem.data._ZZL28lcd_control_temperature_menuvE3__c_22
                0x000014aa        0x6 ultralcd.o
 .progmem.data._ZZL28lcd_control_temperature_menuvE3__c_23
                0x000014b0        0x6 ultralcd.o
 .progmem.data._ZZL28lcd_control_temperature_menuvE3__c_24
                0x000014b6        0x6 ultralcd.o
 .progmem.data._ZZL28lcd_control_temperature_menuvE3__c_25
                0x000014bc        0x6 ultralcd.o
 .progmem.data._ZZL28lcd_control_temperature_menuvE3__c_26
                0x000014c2       0x11 ultralcd.o
 .progmem.data._ZZL28lcd_control_temperature_menuvE3__c_27
                0x000014d3       0x11 ultralcd.o
 .progmem.data._ZZL49lcd_control_temperature_preheat_abs_settings_menuvE3__c
                0x000014e4        0xc ultralcd.o
 .progmem.data._ZZL49lcd_control_temperature_preheat_abs_settings_menuvE3__c_0
                0x000014f0        0xa ultralcd.o
 .progmem.data._ZZL49lcd_control_temperature_preheat_abs_settings_menuvE3__c_1
                0x000014fa        0xa ultralcd.o
 .progmem.data._ZZL49lcd_control_temperature_preheat_abs_settings_menuvE3__c_2
                0x00001504        0x7 ultralcd.o
 .progmem.data._ZZL49lcd_control_temperature_preheat_abs_settings_menuvE3__c_3
                0x0000150b        0x7 ultralcd.o
 .progmem.data._ZZL49lcd_control_temperature_preheat_pla_settings_menuvE3__c
                0x00001512        0xc ultralcd.o
 .progmem.data._ZZL49lcd_control_temperature_preheat_pla_settings_menuvE3__c_0
                0x0000151e        0xa ultralcd.o
 .progmem.data._ZZL49lcd_control_temperature_preheat_pla_settings_menuvE3__c_1
                0x00001528        0xa ultralcd.o
 .progmem.data._ZZL49lcd_control_temperature_preheat_pla_settings_menuvE3__c_2
                0x00001532        0x7 ultralcd.o
 .progmem.data._ZZL49lcd_control_temperature_preheat_pla_settings_menuvE3__c_3
                0x00001539        0x7 ultralcd.o
 .progmem.data._ZZL16lcd_prepare_menuvE3__c
                0x00001540        0x5 ultralcd.o
 .progmem.data._ZZL16lcd_prepare_menuvE3__c_0
                0x00001545       0x11 ultralcd.o
 .progmem.data._ZZL16lcd_prepare_menuvE3__c_1
                0x00001556        0x4 ultralcd.o
 .progmem.data._ZZL16lcd_prepare_menuvE3__c_2
                0x0000155a        0xa ultralcd.o
 .progmem.data._ZZL16lcd_prepare_menuvE3__c_3
                0x00001564        0x4 ultralcd.o
 .progmem.data._ZZL16lcd_prepare_menuvE3__c_4
                0x00001568        0xc ultralcd.o
 .progmem.data._ZZL16lcd_prepare_menuvE3__c_5
                0x00001574        0xc ultralcd.o
 .progmem.data._ZZL16lcd_prepare_menuvE3__c_6
                0x00001580        0x9 ultralcd.o
 .progmem.data._ZZL16lcd_prepare_menuvE3__c_7
                0x00001589       0x11 ultralcd.o
 .progmem.data._ZZL16lcd_prepare_menuvE3__c_8
                0x0000159a        0x4 ultralcd.o
 .progmem.data._ZZL16lcd_prepare_menuvE3__c_9
                0x0000159e       0x10 ultralcd.o
 .progmem.data._ZZL16lcd_prepare_menuvE3__c_10
                0x000015ae        0x4 ultralcd.o
 .progmem.data._ZZL16lcd_prepare_menuvE3__c_11
                0x000015b2        0xa ultralcd.o
 .progmem.data._ZZL13lcd_move_menuvE3__c
                0x000015bc        0x8 ultralcd.o
 .progmem.data._ZZL13lcd_move_menuvE3__c_0
                0x000015c4        0xa ultralcd.o
 .progmem.data._ZZL13lcd_move_menuvE3__c_1
                0x000015ce        0x9 ultralcd.o
 .progmem.data._ZZL13lcd_move_menuvE3__c_2
                0x000015d7        0xb ultralcd.o
 .progmem.data._ZZL18lcd_move_menu_axisvE3__c
                0x000015e2        0xa ultralcd.o
 .progmem.data._ZZL18lcd_move_menu_axisvE3__c_0
                0x000015ec        0x7 ultralcd.o
 .progmem.data._ZZL18lcd_move_menu_axisvE3__c_1
                0x000015f3        0x7 ultralcd.o
 .progmem.data._ZZL18lcd_move_menu_axisvE3__c_2
                0x000015fa        0x7 ultralcd.o
 .progmem.data._ZZL18lcd_move_menu_axisvE3__c_3
                0x00001601        0x9 ultralcd.o
 .progmem.data._ZZL10lcd_move_evE3__c
                0x0000160a        0x9 ultralcd.o
 .progmem.data._ZZL10lcd_move_zvE3__c
                0x00001613        0x2 ultralcd.o
 .progmem.data._ZZL10lcd_move_yvE3__c
                0x00001615        0x2 ultralcd.o
 .progmem.data._ZZL10lcd_move_xvE3__c
                0x00001617        0x2 ultralcd.o
 .progmem.data._ZZL13lcd_tune_menuvE3__c
                0x00001619        0x5 ultralcd.o
 .progmem.data._ZZL13lcd_tune_menuvE3__c_0
                0x0000161e        0x6 ultralcd.o
 .progmem.data._ZZL13lcd_tune_menuvE3__c_1
                0x00001624        0x6 ultralcd.o
 .progmem.data._ZZL13lcd_tune_menuvE3__c_2
                0x0000162a        0x7 ultralcd.o
 .progmem.data._ZZL13lcd_tune_menuvE3__c_3
                0x00001631        0x7 ultralcd.o
 .progmem.data._ZZL13lcd_tune_menuvE3__c_4
                0x00001638        0x8 ultralcd.o
 .progmem.data._ZZL13lcd_tune_menuvE3__c_5
                0x00001640        0x8 ultralcd.o
 .progmem.data._ZZL13lcd_tune_menuvE3__c_6
                0x00001648        0xa ultralcd.o
 .progmem.data._ZZL13lcd_tune_menuvE3__c_7
                0x00001652        0xa ultralcd.o
 .progmem.data._ZZL13lcd_tune_menuvE3__c_8
                0x0000165c        0x5 ultralcd.o
 .progmem.data._ZZL13lcd_tune_menuvE3__c_9
                0x00001661        0x5 ultralcd.o
 .progmem.data._ZZL32lcd_implementation_status_screenvE3__c
                0x00001666        0x3 ultralcd.o
 .progmem.data._ZZL32lcd_implementation_status_screenvE3__c_0
                0x00001669        0x3 ultralcd.o
 .progmem.data._ZZL32lcd_implementation_status_screenvE3__c_1
                0x0000166c        0x3 ultralcd.o
 .progmem.data._ZZL32lcd_implementation_status_screenvE3__c_2
                0x0000166f        0x4 ultralcd.o
 .progmem.data._ZZL32lcd_implementation_status_screenvE3__c_3
                0x00001673        0x6 ultralcd.o
 .progmem.data._ZZ10lcd_updatevE3__c
                0x00001679        0xe ultralcd.o
 .progmem.data._ZZ10lcd_updatevE3__c_0
                0x00001687        0xd ultralcd.o
 .progmem.data  0x00001694      0x120 C:\Users\Shady\Documents\Atmel Studio\arduinoCoreMega\libcore.a(wiring_digital.c.o)
                0x00001694                port_to_mode_PGM
                0x000016ae                port_to_output_PGM
                0x000016c8                port_to_input_PGM
                0x000016e2                digital_pin_to_port_PGM
                0x00001728                digital_pin_to_bit_mask_PGM
                0x0000176e                digital_pin_to_timer_PGM
 .progmem.data  0x000017b4        0x1 C:\Users\Shady\Documents\Atmel Studio\arduinoCoreMega\libcore.a(Tone.cpp.o)
 .progmem.data  0x000017b5       0x3b c:/program files (x86)/atmel/atmel toolchain/avr8 gcc/native/3.4.2.1002/avr8-gnu-toolchain/bin/../lib/gcc/avr/4.7.2/../../../../avr/lib/avr6\libc.a(strtod.o)
                0x000017f0                . = ALIGN (0x2)
                0x000017f0                __trampolines_start = .
 *(.trampolines)
 .trampolines   0x000017f0        0x0 linker stubs
 *(.trampolines*)
                0x000017f0                __trampolines_end = .
 *(.jumptables)
 *(.jumptables*)
 *(.lowtext)
 *(.lowtext*)
                0x000017f0                __ctors_start = .
 *(.ctors)
 .ctors         0x000017f0        0x2 libs/Wire.o
 .ctors         0x000017f2        0x2 Marlin_main.o
 .ctors         0x000017f4        0x2 ultralcd.o
                0x000017f6                __ctors_end = .
                0x000017f6                __dtors_start = .
 *(.dtors)
 .dtors         0x000017f6        0x2 Marlin_main.o
                0x000017f8                __dtors_end = .
 SORT(*)(.ctors)
 SORT(*)(.dtors)
 *(.init0)
 .init0         0x000017f8        0x0 c:/program files (x86)/atmel/atmel toolchain/avr8 gcc/native/3.4.2.1002/avr8-gnu-toolchain/bin/../lib/gcc/avr/4.7.2/../../../../avr/lib/avr6/crtm2560.o
                0x000017f8                __init
 *(.init0)
 *(.init1)
 *(.init1)
 *(.init2)
 .init2         0x000017f8       0x10 c:/program files (x86)/atmel/atmel toolchain/avr8 gcc/native/3.4.2.1002/avr8-gnu-toolchain/bin/../lib/gcc/avr/4.7.2/../../../../avr/lib/avr6/crtm2560.o
 *(.init2)
 *(.init3)
 *(.init3)
 *(.init4)
 .init4         0x00001808       0x1a c:/program files (x86)/atmel/atmel toolchain/avr8 gcc/native/3.4.2.1002/avr8-gnu-toolchain/bin/../lib/gcc/avr/4.7.2/avr6\libgcc.a(_copy_data.o)
                0x00001808                __do_copy_data
 .init4         0x00001822       0x10 c:/program files (x86)/atmel/atmel toolchain/avr8 gcc/native/3.4.2.1002/avr8-gnu-toolchain/bin/../lib/gcc/avr/4.7.2/avr6\libgcc.a(_clear_bss.o)
                0x00001822                __do_clear_bss
 *(.init4)
 *(.init5)
 *(.init5)
 *(.init6)
 .init6         0x00001832       0x20 c:/program files (x86)/atmel/atmel toolchain/avr8 gcc/native/3.4.2.1002/avr8-gnu-toolchain/bin/../lib/gcc/avr/4.7.2/avr6\libgcc.a(_ctors.o)
                0x00001832                __do_global_ctors
 *(.init6)
 *(.init7)
 *(.init7)
 *(.init8)
 *(.init8)
 *(.init9)
 .init9         0x00001852        0x8 c:/program files (x86)/atmel/atmel toolchain/avr8 gcc/native/3.4.2.1002/avr8-gnu-toolchain/bin/../lib/gcc/avr/4.7.2/../../../../avr/lib/avr6/crtm2560.o
 *(.init9)
 *(.text)
 .text          0x0000185a        0x4 c:/program files (x86)/atmel/atmel toolchain/avr8 gcc/native/3.4.2.1002/avr8-gnu-toolchain/bin/../lib/gcc/avr/4.7.2/../../../../avr/lib/avr6/crtm2560.o
                0x0000185a                __vector_38
                0x0000185a                __vector_28
                0x0000185a                __vector_1
                0x0000185a                __vector_32
                0x0000185a                __vector_34
                0x0000185a                __vector_24
                0x0000185a                __vector_12
                0x0000185a                __vector_55
                0x0000185a                __vector_46
                0x0000185a                __bad_interrupt
                0x0000185a                __vector_6
                0x0000185a                __vector_31
                0x0000185a                __vector_35
                0x0000185a                __vector_3
                0x0000185a                __vector_30
                0x0000185a                __vector_45
                0x0000185a                __vector_11
                0x0000185a                __vector_54
                0x0000185a                __vector_19
                0x0000185a                __vector_56
                0x0000185a                __vector_7
                0x0000185a                __vector_49
                0x0000185a                __vector_41
                0x0000185a                __vector_43
                0x0000185a                __vector_27
                0x0000185a                __vector_5
                0x0000185a                __vector_33
                0x0000185a                __vector_47
                0x0000185a                __vector_52
                0x0000185a                __vector_37
                0x0000185a                __vector_4
                0x0000185a                __vector_44
                0x0000185a                __vector_51
                0x0000185a                __vector_9
                0x0000185a                __vector_2
                0x0000185a                __vector_21
                0x0000185a                __vector_15
                0x0000185a                __vector_36
                0x0000185a                __vector_29
                0x0000185a                __vector_40
                0x0000185a                __vector_8
                0x0000185a                __vector_26
                0x0000185a                __vector_48
                0x0000185a                __vector_14
                0x0000185a                __vector_53
                0x0000185a                __vector_10
                0x0000185a                __vector_50
                0x0000185a                __vector_16
                0x0000185a                __vector_18
                0x0000185a                __vector_20
                0x0000185a                __vector_42
                0x0000185e                . = ALIGN (0x2)
 *(.text.*)
 .text._ZN5I2CIOC2Ev
                0x0000185e        0xe libs/I2CIO.o
                0x0000185e                _ZN5I2CIOC2Ev
                0x0000185e                _ZN5I2CIOC1Ev
 .text._ZN5I2CIO5beginEh
                0x0000186c       0x3a libs/I2CIO.o
                0x0000186c                _ZN5I2CIO5beginEh
 .text._ZN5I2CIO8portModeEh
                0x000018a6       0x18 libs/I2CIO.o
                0x000018a6                _ZN5I2CIO8portModeEh
 .text._ZN5I2CIO5writeEh
                0x000018be       0x4e libs/I2CIO.o
                0x000018be                _ZN5I2CIO5writeEh
 .text._ZN3LCD15setBacklightPinEh13t_backlighPol
                0x0000190c        0x2 libs/LCD.o
                0x0000190c                _ZN3LCD15setBacklightPinEh13t_backlighPol
 .text._ZN3LCD12setBacklightEh
                0x0000190e        0x2 libs/LCD.o
                0x0000190e                _ZN3LCD12setBacklightEh
 .text._ZN3LCD5writeEh
                0x00001910       0x16 libs/LCD.o
                0x00001910                _ZN3LCD5writeEh
 .text._ZN3LCDC2Ev
                0x00001926       0x10 libs/LCD.o
                0x00001926                _ZN3LCDC1Ev
                0x00001926                _ZN3LCDC2Ev
 .text._ZN3LCD9backlightEv
                0x00001936       0x12 libs/LCD.o
                0x00001936                _ZN3LCD9backlightEv
 .text._ZN3LCD7commandEh
                0x00001948       0x12 libs/LCD.o
                0x00001948                _ZN3LCD7commandEh
 .text._ZN3LCD10createCharEhPh
                0x0000195a       0x6a libs/LCD.o
                0x0000195a                _ZN3LCD10createCharEhPh
 .text._ZN3LCD7displayEv
                0x000019c4        0xe libs/LCD.o
                0x000019c4                _ZN3LCD7displayEv
 .text._ZN3LCD9setCursorEhh
                0x000019d2       0x76 libs/LCD.o
                0x000019d2                _ZN3LCD9setCursorEhh
 .text._ZN3LCD5clearEv
                0x00001a48        0xc libs/LCD.o
                0x00001a48                _ZN3LCD5clearEv
 .text._ZN3LCD5beginEhhh
                0x00001a54       0xe4 libs/LCD.o
                0x00001a54                _ZN3LCD5beginEhhh
 .text._ZN17LiquidCrystal_I2C15setBacklightPinEh13t_backlighPol
                0x00001b38       0x2a libs/LiquidCrystal_I2C.o
                0x00001b38                _ZN17LiquidCrystal_I2C15setBacklightPinEh13t_backlighPol
 .text._ZN17LiquidCrystal_I2C12setBacklightEh
                0x00001b62       0x2c libs/LiquidCrystal_I2C.o
                0x00001b62                _ZN17LiquidCrystal_I2C12setBacklightEh
 .text._ZN17LiquidCrystal_I2C4initEv
                0x00001b8e       0x40 libs/LiquidCrystal_I2C.o
                0x00001b8e                _ZN17LiquidCrystal_I2C4initEv
 .text._ZN17LiquidCrystal_I2C5beginEhhh
                0x00001bce       0x2a libs/LiquidCrystal_I2C.o
                0x00001bce                _ZN17LiquidCrystal_I2C5beginEhhh
 .text._ZN17LiquidCrystal_I2C6configEhhhhhhhh
                0x00001bf8       0x82 libs/LiquidCrystal_I2C.o
                0x00001bf8                _ZN17LiquidCrystal_I2C6configEhhhhhhhh
 .text._ZN17LiquidCrystal_I2CC2Ehhhhhhhhh13t_backlighPol
                0x00001c7a       0x62 libs/LiquidCrystal_I2C.o
                0x00001c7a                _ZN17LiquidCrystal_I2CC1Ehhhhhhhhh13t_backlighPol
                0x00001c7a                _ZN17LiquidCrystal_I2CC2Ehhhhhhhhh13t_backlighPol
 .text._ZN17LiquidCrystal_I2C11pulseEnableEh
                0x00001cdc       0x32 libs/LiquidCrystal_I2C.o
                0x00001cdc                _ZN17LiquidCrystal_I2C11pulseEnableEh
 .text._ZN17LiquidCrystal_I2C10write4bitsEhh
                0x00001d0e       0x34 libs/LiquidCrystal_I2C.o
                0x00001d0e                _ZN17LiquidCrystal_I2C10write4bitsEhh
 .text._ZN17LiquidCrystal_I2C4sendEhh
                0x00001d42       0x48 libs/LiquidCrystal_I2C.o
                0x00001d42                _ZN17LiquidCrystal_I2C4sendEhh
 .text._ZN10CardReaderC2Ev
                0x00001d8a      0x104 cardreader.o
                0x00001d8a                _ZN10CardReaderC1Ev
                0x00001d8a                _ZN10CardReaderC2Ev
 .text._Z14createFilenamePcRK14directoryEntry
                0x00001e8e       0x32 cardreader.o
                0x00001e8e                _Z14createFilenamePcRK14directoryEntry
 .text._ZN10CardReader6lsDiveEPKc6SdFile
                0x00001ec0      0x3e0 cardreader.o
                0x00001ec0                _ZN10CardReader6lsDiveEPKc6SdFile
 .text._ZN10CardReader2lsEv
                0x000022a0       0x9e cardreader.o
                0x000022a0                _ZN10CardReader2lsEv
 .text._ZN10CardReader6initsdEv
                0x0000233e      0x21a cardreader.o
                0x0000233e                _ZN10CardReader6initsdEv
 .text._ZN10CardReader7releaseEv
                0x00002558        0x8 cardreader.o
                0x00002558                _ZN10CardReader7releaseEv
 .text._ZN10CardReader14startFileprintEv
                0x00002560        0xe cardreader.o
                0x00002560                _ZN10CardReader14startFileprintEv
 .text._ZN10CardReader12pauseSDPrintEv
                0x0000256e        0xa cardreader.o
                0x0000256e                _ZN10CardReader12pauseSDPrintEv
 .text._ZN10CardReader8openFileEPcb
                0x00002578      0x56c cardreader.o
                0x00002578                _ZN10CardReader8openFileEPcb
 .text._ZN10CardReader11openLogFileEPc
                0x00002ae4        0xa cardreader.o
                0x00002ae4                _ZN10CardReader11openLogFileEPc
 .text._ZN10CardReader10removeFileEPc
                0x00002aee      0x362 cardreader.o
                0x00002aee                _ZN10CardReader10removeFileEPc
 .text._ZN10CardReader9getStatusEv
                0x00002e50       0xda cardreader.o
                0x00002e50                _ZN10CardReader9getStatusEv
 .text._ZN10CardReader13write_commandEPc
                0x00002f2a       0xec cardreader.o
                0x00002f2a                _ZN10CardReader13write_commandEPc
 .text._ZN10CardReader14checkautostartEb
                0x00003016      0x208 cardreader.o
                0x00003016                _ZN10CardReader14checkautostartEb
 .text._ZN10CardReader9closefileEv
                0x0000321e       0x2a cardreader.o
                0x0000321e                _ZN10CardReader9closefileEv
 .text._ZN10CardReader11getfilenameEh
                0x00003248       0xc0 cardreader.o
                0x00003248                _ZN10CardReader11getfilenameEh
 .text._ZN10CardReader14getnrfilenamesEv
                0x00003308       0xca cardreader.o
                0x00003308                _ZN10CardReader14getnrfilenamesEv
 .text._ZN10CardReader5chdirEPKc
                0x000033d2      0x1ee cardreader.o
                0x000033d2                _ZN10CardReader5chdirEPKc
 .text._ZN10CardReader5updirEv
                0x000035c0       0xd2 cardreader.o
                0x000035c0                _ZN10CardReader5updirEv
 .text._ZN10CardReader19printingHasFinishedEv
                0x00003692       0x76 cardreader.o
                0x00003692                _ZN10CardReader19printingHasFinishedEv
 .text._Z19Config_ResetDefaultv
                0x00003708      0x2f2 ConfigurationStore.o
                0x00003708                _Z19Config_ResetDefaultv
 .text._ZN7TwoWire9availableEv
                0x000039fa       0x14 libs/Wire.o
                0x000039fa                _ZN7TwoWire9availableEv
 .text._ZN7TwoWire4readEv
                0x00003a0e       0x2a libs/Wire.o
                0x00003a0e                _ZN7TwoWire4readEv
 .text._ZN7TwoWire4peekEv
                0x00003a38       0x22 libs/Wire.o
                0x00003a38                _ZN7TwoWire4peekEv
 .text._ZN7TwoWire5flushEv
                0x00003a5a        0x2 libs/Wire.o
                0x00003a5a                _ZN7TwoWire5flushEv
 .text._ZN7TwoWire5writeEPKhj
                0x00003a5c       0x66 libs/Wire.o
                0x00003a5c                _ZN7TwoWire5writeEPKhj
 .text._ZN7TwoWire5writeEh
                0x00003ac2       0x66 libs/Wire.o
                0x00003ac2                _ZN7TwoWire5writeEh
 .text._ZN7TwoWireC2Ev
                0x00003b28       0x20 libs/Wire.o
                0x00003b28                _ZN7TwoWireC1Ev
                0x00003b28                _ZN7TwoWireC2Ev
 .text._ZN7TwoWire5beginEv
                0x00003b48       0x14 libs/Wire.o
                0x00003b48                _ZN7TwoWire5beginEv
 .text._ZN7TwoWire11requestFromEhhh
                0x00003b5c       0x1a libs/Wire.o
                0x00003b5c                _ZN7TwoWire11requestFromEhhh
 .text._ZN7TwoWire11requestFromEhh
                0x00003b76        0x4 libs/Wire.o
                0x00003b76                _ZN7TwoWire11requestFromEhh
 .text._ZN7TwoWire17beginTransmissionEh
                0x00003b7a       0x14 libs/Wire.o
                0x00003b7a                _ZN7TwoWire17beginTransmissionEh
 .text._ZN7TwoWire15endTransmissionEh
                0x00003b8e       0x26 libs/Wire.o
                0x00003b8e                _ZN7TwoWire15endTransmissionEh
 .text._ZN7TwoWire15endTransmissionEv
                0x00003bb4        0x4 libs/Wire.o
                0x00003bb4                _ZN7TwoWire15endTransmissionEv
 .text._GLOBAL__sub_I__ZN7TwoWire8rxBufferE
                0x00003bb8        0x6 libs/Wire.o
 .text.__vector_25
                0x00003bbe       0x72 MarlinSerial.o
                0x00003bbe                __vector_25
 .text._ZN12MarlinSerial5beginEl
                0x00003c30       0x72 MarlinSerial.o
                0x00003c30                _ZN12MarlinSerial5beginEl
 .text._ZN12MarlinSerial4readEv
                0x00003ca2       0x3e MarlinSerial.o
                0x00003ca2                _ZN12MarlinSerial4readEv
 .text._ZN12MarlinSerial5flushEv
                0x00003ce0       0x12 MarlinSerial.o
                0x00003ce0                _ZN12MarlinSerial5flushEv
 .text._ZN12MarlinSerial11printNumberEmh
                0x00003cf2      0x10e MarlinSerial.o
                0x00003cf2                _ZN12MarlinSerial11printNumberEmh
 .text._ZN12MarlinSerial5printEmi
                0x00003e00       0x18 MarlinSerial.o
                0x00003e00                _ZN12MarlinSerial5printEmi
 .text._ZN12MarlinSerial5printEji
                0x00003e18        0xa MarlinSerial.o
                0x00003e18                _ZN12MarlinSerial5printEji
 .text._ZN12MarlinSerial5printEhi
                0x00003e22        0xc MarlinSerial.o
                0x00003e22                _ZN12MarlinSerial5printEhi
 .text._ZN12MarlinSerial5printEli
                0x00003e2e       0x66 MarlinSerial.o
                0x00003e2e                _ZN12MarlinSerial5printEli
 .text._ZN12MarlinSerial5printEii
                0x00003e94        0xe MarlinSerial.o
                0x00003e94                _ZN12MarlinSerial5printEii
 .text._ZN12MarlinSerial5printEci
                0x00003ea2        0xc MarlinSerial.o
                0x00003ea2                _ZN12MarlinSerial5printEci
 .text._ZN12MarlinSerial7printlnEv
                0x00003eae       0x1e MarlinSerial.o
                0x00003eae                _ZN12MarlinSerial7printlnEv
 .text._ZN12MarlinSerial7printlnEji
                0x00003ecc       0x12 MarlinSerial.o
                0x00003ecc                _ZN12MarlinSerial7printlnEji
 .text._ZN12MarlinSerial10printFloatEdh
                0x00003ede      0x158 MarlinSerial.o
                0x00003ede                _ZN12MarlinSerial10printFloatEdh
 .text._ZN12MarlinSerial5printEdi
                0x00004036        0x4 MarlinSerial.o
                0x00004036                _ZN12MarlinSerial5printEdi
 .text._ZL8homeaxisi
                0x0000403a      0x340 Marlin_main.o
 .text._Z41__static_initialization_and_destruction_0ii
                0x0000437a       0xd0 Marlin_main.o
 .text._Z17serial_echopair_PPKcf
                0x0000444a       0x34 Marlin_main.o
                0x0000444a                _Z17serial_echopair_PPKcf
 .text.freeMemory
                0x0000447e       0x42 Marlin_main.o
                0x0000447e                freeMemory
 .text._Z12enquecommandPKc
                0x000044c0      0x11a Marlin_main.o
                0x000044c0                _Z12enquecommandPKc
 .text._Z14enquecommand_PPKc
                0x000045da      0x11a Marlin_main.o
                0x000045da                _Z14enquecommand_PPKc
 .text._Z15setup_powerholdv
                0x000046f4        0xa Marlin_main.o
                0x000046f4                _Z15setup_powerholdv
 .text._Z7suicidev
                0x000046fe        0x6 Marlin_main.o
                0x000046fe                _Z7suicidev
 .text.setup    0x00004704      0x3aa Marlin_main.o
                0x00004704                setup
 .text._Z10code_valuev
                0x00004aae       0x12 Marlin_main.o
                0x00004aae                _Z10code_valuev
 .text._Z15code_value_longv
                0x00004ac0       0x16 Marlin_main.o
                0x00004ac0                _Z15code_value_longv
 .text._Z9code_seenc
                0x00004ad6       0x36 Marlin_main.o
                0x00004ad6                _Z9code_seenc
 .text._Z11ClearToSendv
                0x00004b0c       0x62 Marlin_main.o
                0x00004b0c                _Z11ClearToSendv
 .text._Z24FlushSerialRequestResendv
                0x00004b6e       0x66 Marlin_main.o
                0x00004b6e                _Z24FlushSerialRequestResendv
 .text._Z11get_commandv
                0x00004bd4      0x942 Marlin_main.o
                0x00004bd4                _Z11get_commandv
 .text._Z15get_coordinatesv
                0x00005516      0x11e Marlin_main.o
                0x00005516                _Z15get_coordinatesv
 .text._Z19get_arc_coordinatesv
                0x00005634       0x5c Marlin_main.o
                0x00005634                _Z19get_arc_coordinatesv
 .text._Z26clamp_to_software_endstopsPf
                0x00005690      0x124 Marlin_main.o
                0x00005690                _Z26clamp_to_software_endstopsPf
 .text._Z12prepare_movev
                0x000057b4      0x1aa Marlin_main.o
                0x000057b4                _Z12prepare_movev
 .text._Z16prepare_arc_movec
                0x0000595e      0x166 Marlin_main.o
                0x0000595e                _Z16prepare_arc_movec
 .text._Z4killv
                0x00005ac4       0x78 Marlin_main.o
                0x00005ac4                _Z4killv
 .text._Z17manage_inactivityv
                0x00005b3c       0xc8 Marlin_main.o
                0x00005b3c                _Z17manage_inactivityv
 .text._Z4Stopv
                0x00005c04       0x98 Marlin_main.o
                0x00005c04                _Z4Stopv
 .text._Z9IsStoppedv
                0x00005c9c        0x6 Marlin_main.o
                0x00005c9c                _Z9IsStoppedv
 .text._Z17setTargetedHotendi
                0x00005ca2      0x11e Marlin_main.o
                0x00005ca2                _Z17setTargetedHotendi
 .text._Z16process_commandsv
                0x00005dc0     0x25ec Marlin_main.o
                0x00005dc0                _Z16process_commandsv
 .text.loop     0x000083ac      0x132 Marlin_main.o
                0x000083ac                loop
 .text._GLOBAL__sub_I_card
                0x000084de        0xc Marlin_main.o
 .text._GLOBAL__sub_D_card
                0x000084ea        0xc Marlin_main.o
 .text._Z6mc_arcPfS_S_hhhffhh
                0x000084f6      0x7a0 motion_control.o
                0x000084f6                _Z6mc_arcPfS_S_hhhffhh
 .text._ZL16next_block_indexa
                0x00008c96        0xa planner.o
 .text._Z29calculate_trapezoid_for_blockP7block_tff
                0x00008ca0      0x3d2 planner.o
                0x00008ca0                _Z29calculate_trapezoid_for_blockP7block_tff
 .text._Z27planner_reverse_pass_kernelP7block_tS0_S0_
                0x00009072      0x11e planner.o
                0x00009072                _Z27planner_reverse_pass_kernelP7block_tS0_S0_
 .text._Z20planner_reverse_passv
                0x00009190       0x8e planner.o
                0x00009190                _Z20planner_reverse_passv
 .text._Z27planner_forward_pass_kernelP7block_tS0_S0_
                0x0000921e      0x106 planner.o
                0x0000921e                _Z27planner_forward_pass_kernelP7block_tS0_S0_
 .text._Z20planner_forward_passv
                0x00009324       0x70 planner.o
                0x00009324                _Z20planner_forward_passv
 .text._Z30planner_recalculate_trapezoidsv
                0x00009394      0x13c planner.o
                0x00009394                _Z30planner_recalculate_trapezoidsv
 .text._Z19planner_recalculatev
                0x000094d0        0x6 planner.o
                0x000094d0                _Z19planner_recalculatev
 .text._Z9plan_initv
                0x000094d6       0x68 planner.o
                0x000094d6                _Z9plan_initv
 .text._Z13getHighESpeedv
                0x0000953e      0x29a planner.o
                0x0000953e                _Z13getHighESpeedv
 .text._Z19check_axes_activityv
                0x000097d8       0x40 planner.o
                0x000097d8                _Z19check_axes_activityv
 .text._Z16plan_buffer_lineRKfS0_S0_S0_fRKh
                0x00009818     0x15b0 planner.o
                0x00009818                _Z16plan_buffer_lineRKfS0_S0_S0_fRKh
 .text._Z17plan_set_positionRKfS0_S0_S0_
                0x0000adc8      0x138 planner.o
                0x0000adc8                _Z17plan_set_positionRKfS0_S0_S0_
 .text._Z19plan_set_e_positionRKf
                0x0000af00       0x34 planner.o
                0x0000af00                _Z19plan_set_e_positionRKf
 .text._Z12movesplannedv
                0x0000af34        0xe planner.o
                0x0000af34                _Z12movesplannedv
 .text._Z20set_extrude_min_tempf
                0x0000af42       0x12 planner.o
                0x0000af42                _Z20set_extrude_min_tempf
 .text._Z24reset_acceleration_ratesv
                0x0000af54       0x88 planner.o
                0x0000af54                _Z24reset_acceleration_ratesv
 .text._ZL7spiInith
                0x0000afdc       0x20 Sd2Card.o
 .text._ZL6spiRecv
                0x0000affc        0xe Sd2Card.o
 .text._ZL7spiSendh
                0x0000b00a        0xa Sd2Card.o
 .text._ZN7Sd2Card14chipSelectHighEv
                0x0000b014        0xa Sd2Card.o
                0x0000b014                _ZN7Sd2Card14chipSelectHighEv
 .text._ZN7Sd2Card13chipSelectLowEv
                0x0000b01e       0x18 Sd2Card.o
                0x0000b01e                _ZN7Sd2Card13chipSelectLowEv
 .text._ZN7Sd2Card8readDataEPhj
                0x0000b036       0xaa Sd2Card.o
                0x0000b036                _ZN7Sd2Card8readDataEPhj
 .text._ZN7Sd2Card10setSckRateEh
                0x0000b0e0       0x16 Sd2Card.o
                0x0000b0e0                _ZN7Sd2Card10setSckRateEh
 .text._ZN7Sd2Card11waitNotBusyEj
                0x0000b0f6       0x36 Sd2Card.o
                0x0000b0f6                _ZN7Sd2Card11waitNotBusyEj
 .text._ZN7Sd2Card11cardCommandEhm
                0x0000b12c       0x9a Sd2Card.o
                0x0000b12c                _ZN7Sd2Card11cardCommandEhm
 .text._ZN7Sd2Card9readBlockEmPh
                0x0000b1c6       0x52 Sd2Card.o
                0x0000b1c6                _ZN7Sd2Card9readBlockEmPh
 .text._ZN7Sd2Card4initEhh
                0x0000b218      0x16c Sd2Card.o
                0x0000b218                _ZN7Sd2Card4initEhh
 .text._ZN7Sd2Card9writeDataEhPKh
                0x0000b384       0x62 Sd2Card.o
                0x0000b384                _ZN7Sd2Card9writeDataEhPKh
 .text._ZN7Sd2Card10writeBlockEmPKh
                0x0000b3e6       0x8a Sd2Card.o
                0x0000b3e6                _ZN7Sd2Card10writeBlockEmPKh
 .text._ZN10SdBaseFile10addClusterEv
                0x0000b470       0x56 SdBaseFile.o
                0x0000b470                _ZN10SdBaseFile10addClusterEv
 .text._ZN10SdBaseFile13addDirClusterEv
                0x0000b4c6      0x11e SdBaseFile.o
                0x0000b4c6                _ZN10SdBaseFile13addDirClusterEv
 .text._ZN10SdBaseFile13cacheDirEntryEh
                0x0000b5e4       0x3c SdBaseFile.o
                0x0000b5e4                _ZN10SdBaseFile13cacheDirEntryEh
 .text._ZN10SdBaseFile7dirNameERK14directoryEntryPc
                0x0000b620       0x46 SdBaseFile.o
                0x0000b620                _ZN10SdBaseFile7dirNameERK14directoryEntryPc
 .text._ZN10SdBaseFile11getFilenameEPc
                0x0000b666       0x3a SdBaseFile.o
                0x0000b666                _ZN10SdBaseFile11getFilenameEPc
 .text._ZN10SdBaseFile10make83NameEPKcPhPS1_
                0x0000b6a0       0xb0 SdBaseFile.o
                0x0000b6a0                _ZN10SdBaseFile10make83NameEPKcPhPS1_
 .text._ZN10SdBaseFile8openRootEP8SdVolume
                0x0000b750       0xc2 SdBaseFile.o
                0x0000b750                _ZN10SdBaseFile8openRootEP8SdVolume
 .text._ZN10SdBaseFile4readEPvj
                0x0000b812      0x242 SdBaseFile.o
                0x0000b812                _ZN10SdBaseFile4readEPvj
 .text._ZN10SdBaseFile4readEv
                0x0000ba54       0x30 SdBaseFile.o
                0x0000ba54                _ZN10SdBaseFile4readEv
 .text._ZN10SdBaseFile7readDirEP14directoryEntryPc
                0x0000ba84      0x11e SdBaseFile.o
                0x0000ba84                _ZN10SdBaseFile7readDirEP14directoryEntryPc
 .text._ZN10SdBaseFile12readDirCacheEv
                0x0000bba2       0x7c SdBaseFile.o
                0x0000bba2                _ZN10SdBaseFile12readDirCacheEv
 .text._ZN10SdBaseFile7seekSetEm
                0x0000bc1e      0x156 SdBaseFile.o
                0x0000bc1e                _ZN10SdBaseFile7seekSetEm
 .text._ZN10SdBaseFile4syncEv
                0x0000bd74       0x92 SdBaseFile.o
                0x0000bd74                _ZN10SdBaseFile4syncEv
 .text._ZN10SdBaseFile5closeEv
                0x0000be06       0x10 SdBaseFile.o
                0x0000be06                _ZN10SdBaseFile5closeEv
 .text._ZN10SdBaseFile8truncateEm
                0x0000be16      0x1b2 SdBaseFile.o
                0x0000be16                _ZN10SdBaseFile8truncateEm
 .text._ZN10SdBaseFile6removeEv
                0x0000bfc8       0x34 SdBaseFile.o
                0x0000bfc8                _ZN10SdBaseFile6removeEv
 .text._ZN10SdBaseFile15openCachedEntryEhh
                0x0000bffc       0xf6 SdBaseFile.o
                0x0000bffc                _ZN10SdBaseFile15openCachedEntryEhh
 .text._ZN10SdBaseFile4openEPS_PKhh
                0x0000c0f2      0x19e SdBaseFile.o
                0x0000c0f2                _ZN10SdBaseFile4openEPS_PKhh
 .text._ZN10SdBaseFile4openEPS_PKch
                0x0000c290      0x17a SdBaseFile.o
                0x0000c290                _ZN10SdBaseFile4openEPS_PKch
 .text._ZN10SdBaseFile6removeEPS_PKc
                0x0000c40a       0x58 SdBaseFile.o
                0x0000c40a                _ZN10SdBaseFile6removeEPS_PKc
 .text._ZN10SdBaseFile5writeEPKvj
                0x0000c462      0x418 SdBaseFile.o
                0x0000c462                _ZN10SdBaseFile5writeEPKvj
 .text._ZN6SdFile5writeEh
                0x0000c87a       0x22 SdFile.o
                0x0000c87a                _ZN6SdFile5writeEh
 .text._ZN6SdFile5writeEPKc
                0x0000c89c       0x18 SdFile.o
                0x0000c89c                _ZN6SdFile5writeEPKc
 .text._ZN8SdVolume10cacheFlushEv
                0x0000c8b4       0x7e SdVolume.o
                0x0000c8b4                _ZN8SdVolume10cacheFlushEv
 .text._ZN8SdVolume13cacheRawBlockEmb
                0x0000c932       0x7a SdVolume.o
                0x0000c932                _ZN8SdVolume13cacheRawBlockEmb
 .text._ZN8SdVolume6fatGetEmPm
                0x0000c9ac      0x136 SdVolume.o
                0x0000c9ac                _ZN8SdVolume6fatGetEmPm
 .text._ZN8SdVolume9chainSizeEmPm
                0x0000cae2       0xe8 SdVolume.o
                0x0000cae2                _ZN8SdVolume9chainSizeEmPm
 .text._ZN8SdVolume6fatPutEmm
                0x0000cbca      0x144 SdVolume.o
                0x0000cbca                _ZN8SdVolume6fatPutEmm
 .text._ZN8SdVolume15allocContiguousEmPm
                0x0000cd0e      0x244 SdVolume.o
                0x0000cd0e                _ZN8SdVolume15allocContiguousEmPm
 .text._ZN8SdVolume9freeChainEm
                0x0000cf52       0xca SdVolume.o
                0x0000cf52                _ZN8SdVolume9freeChainEm
 .text._ZN8SdVolume4initEP7Sd2Cardh
                0x0000d01c      0x2a2 SdVolume.o
                0x0000d01c                _ZN8SdVolume4initEP7Sd2Cardh
 .text._Z16checkHitEndstopsv
                0x0000d2be      0x150 stepper.o
                0x0000d2be                _Z16checkHitEndstopsv
 .text._Z23endstops_hit_on_purposev
                0x0000d40e        0xe stepper.o
                0x0000d40e                _Z23endstops_hit_on_purposev
 .text._Z15enable_endstopsb
                0x0000d41c        0x6 stepper.o
                0x0000d41c                _Z15enable_endstopsb
 .text._Z10st_wake_upv
                0x0000d422        0xc stepper.o
                0x0000d422                _Z10st_wake_upv
 .text.__vector_17
                0x0000d42e      0xefe stepper.o
                0x0000d42e                __vector_17
 .text._Z7st_initv
                0x0000e32c       0xe6 stepper.o
                0x0000e32c                _Z7st_initv
 .text._Z14st_synchronizev
                0x0000e412       0x24 stepper.o
                0x0000e412                _Z14st_synchronizev
 .text._Z15st_set_positionRKlS0_S0_S0_
                0x0000e436       0x78 stepper.o
                0x0000e436                _Z15st_set_positionRKlS0_S0_S0_
 .text._Z17st_set_e_positionRKl
                0x0000e4ae       0x22 stepper.o
                0x0000e4ae                _Z17st_set_e_positionRKl
 .text._Z15st_get_positionh
                0x0000e4d0       0x30 stepper.o
                0x0000e4d0                _Z15st_get_positionh
 .text._Z24finishAndDisableSteppersv
                0x0000e500        0xc stepper.o
                0x0000e500                _Z24finishAndDisableSteppersv
 .text._Z9quickStopv
                0x0000e50c       0x44 stepper.o
                0x0000e50c                _Z9quickStopv
 .text._ZL11analog2tempih
                0x0000e550       0xb0 temperature.o
 .text._ZL31updateTemperaturesFromRawValuesv
                0x0000e600       0x38 temperature.o
 .text._Z9updatePIDv
                0x0000e638       0x2e temperature.o
                0x0000e638                _Z9updatePIDv
 .text._Z14getHeaterPoweri
                0x0000e666       0x18 temperature.o
                0x0000e666                _Z14getHeaterPoweri
 .text._Z13manage_heaterv
                0x0000e67e      0x3e8 temperature.o
                0x0000e67e                _Z13manage_heaterv
 .text._Z7tp_initv
                0x0000ea66      0x102 temperature.o
                0x0000ea66                _Z7tp_initv
 .text._Z8setWatchv
                0x0000eb68        0x2 temperature.o
                0x0000eb68                _Z8setWatchv
 .text._Z14disable_heaterv
                0x0000eb6a       0x2c temperature.o
                0x0000eb6a                _Z14disable_heaterv
 .text._Z12PID_autotunefii
                0x0000eb96      0xbb2 temperature.o
                0x0000eb96                _Z12PID_autotunefii
 .text._Z14max_temp_errorh
                0x0000f748       0x9a temperature.o
                0x0000f748                _Z14max_temp_errorh
 .text._Z14min_temp_errorh
                0x0000f7e2       0x9a temperature.o
                0x0000f7e2                _Z14min_temp_errorh
 .text.__vector_22
                0x0000f87c      0x298 temperature.o
                0x0000f87c                __vector_22
 .text._Z10scalePID_if
                0x0000fb14        0xc temperature.o
                0x0000fb14                _Z10scalePID_if
 .text._Z12unscalePID_if
                0x0000fb20        0xc temperature.o
                0x0000fb20                _Z12unscalePID_if
 .text._Z10scalePID_df
                0x0000fb2c        0xc temperature.o
                0x0000fb2c                _Z10scalePID_df
 .text._Z12unscalePID_df
                0x0000fb38        0xc temperature.o
                0x0000fb38                _Z12unscalePID_df
 .text.twi_init
                0x0000fb44       0x3c twi.o
                0x0000fb44                twi_init
 .text.twi_readFrom
                0x0000fb80       0x8a twi.o
                0x0000fb80                twi_readFrom
 .text.twi_writeTo
                0x0000fc0a       0xa6 twi.o
                0x0000fc0a                twi_writeTo
 .text.twi_transmit
                0x0000fcb0       0x32 twi.o
                0x0000fcb0                twi_transmit
 .text.twi_stop
                0x0000fce2       0x14 twi.o
                0x0000fce2                twi_stop
 .text.twi_releaseBus
                0x0000fcf6        0xc twi.o
                0x0000fcf6                twi_releaseBus
 .text.__vector_39
                0x0000fd02      0x262 twi.o
                0x0000fd02                __vector_39
 .text._ZL20lcd_return_to_statusv
                0x0000ff64       0x1e ultralcd.o
 .text._ZL12lcd_cooldownv
                0x0000ff82       0x12 ultralcd.o
 .text._ZL29menu_action_setting_edit_int3PKcPiii
                0x0000ff94       0x94 ultralcd.o
 .text._ZL31menu_action_setting_edit_float3PKcPfff
                0x00010028       0xb6 ultralcd.o
 .text._ZL31menu_action_setting_edit_float5PKcPfff
                0x000100de       0xee ultralcd.o
 .text._ZL32menu_action_setting_edit_float51PKcPfff
                0x000101cc       0xee ultralcd.o
 .text._ZL32menu_action_setting_edit_float52PKcPfff
                0x000102ba       0xee ultralcd.o
 .text._ZL41menu_action_setting_edit_callback_float52PKcPfffPFvvE
                0x000103a8      0x102 ultralcd.o
 .text._ZL39menu_action_setting_edit_callback_long5PKcPmmmPFvvE
                0x000104aa       0xfa ultralcd.o
 .text._ZL16menu_action_backPFvvE
                0x000105a4       0x1a ultralcd.o
 .text._ZL19menu_action_submenuPFvvE
                0x000105be       0x1a ultralcd.o
 .text._ZL20menu_action_functionPFvvE
                0x000105d8        0x6 ultralcd.o
 .text._ZL35lcd_implementation_drawmenu_generichPKccc
                0x000105de       0x74 ultralcd.o
 .text._ZL12lcd_printPGMPKc
                0x00010652       0x28 ultralcd.o
 .text._ZL18lcd_quick_feedbackv
                0x0001067a       0x48 ultralcd.o
 .text._ZL16lcd_control_menuv
                0x000106c2      0x30e ultralcd.o
 .text._ZL13lcd_move_menuv
                0x000109d0      0x30e ultralcd.o
 .text._ZL18lcd_move_menu_axisv
                0x00010cde      0x448 ultralcd.o
 .text._ZL18lcd_move_menu_01mmv
                0x00011126       0x1a ultralcd.o
 .text._ZL17lcd_move_menu_1mmv
                0x00011140       0x1a ultralcd.o
 .text._ZL18lcd_move_menu_10mmv
                0x0001115a       0x1a ultralcd.o
 .text._ZL13lcd_main_menuv
                0x00011174      0x64c ultralcd.o
 .text._ZL15lcd_sdcard_menuv
                0x000117c0      0x636 ultralcd.o
 .text._ZL17menu_action_gcodePKc
                0x00011df6        0x6 ultralcd.o
 .text._ZL16lcd_prepare_menuv
                0x00011dfc      0x5e4 ultralcd.o
 .text._ZL12lcd_sd_updirv
                0x000123e0        0xe ultralcd.o
 .text._ZL15lcd_sdcard_stopv
                0x000123ee       0x72 ultralcd.o
 .text._ZL17lcd_sdcard_resumev
                0x00012460        0x8 ultralcd.o
 .text._ZL16lcd_sdcard_pausev
                0x00012468        0x8 ultralcd.o
 .text._ZL48lcd_implementation_drawmenu_setting_edit_generichPKccPc
                0x00012470       0x9e ultralcd.o
 .text._ZL50lcd_implementation_drawmenu_setting_edit_generic_PhPKccS0_
                0x0001250e       0x96 ultralcd.o
 .text._Z19copy_and_scalePID_dv
                0x000125a4       0x28 ultralcd.o
                0x000125a4                _Z19copy_and_scalePID_dv
 .text._Z19copy_and_scalePID_iv
                0x000125cc       0x28 ultralcd.o
                0x000125cc                _Z19copy_and_scalePID_iv
 .text._ZL23lcd_implementation_initv
                0x000125f4      0x150 ultralcd.o
 .text._Z15lcd_preheat_absv
                0x00012744       0x58 ultralcd.o
                0x00012744                _Z15lcd_preheat_absv
 .text._Z15lcd_preheat_plav
                0x0001279c       0x58 ultralcd.o
                0x0001279c                _Z15lcd_preheat_plav
 .text._Z27lcd_implementation_draweditPKcPc
                0x000127f4       0x5c ultralcd.o
                0x000127f4                _Z27lcd_implementation_draweditPKcPc
 .text._Z13lcd_setstatusPKc
                0x00012850       0x1e ultralcd.o
                0x00012850                _Z13lcd_setstatusPKc
 .text._Z16lcd_setstatuspgmPKc
                0x0001286e       0x1e ultralcd.o
                0x0001286e                _Z16lcd_setstatuspgmPKc
 .text._Z21lcd_setalertstatuspgmPKc
                0x0001288c        0xc ultralcd.o
                0x0001288c                _Z21lcd_setalertstatuspgmPKc
 .text._Z21lcd_reset_alert_levelv
                0x00012898        0x6 ultralcd.o
                0x00012898                _Z21lcd_reset_alert_levelv
 .text._Z18lcd_buttons_updatev
                0x0001289e       0xfa ultralcd.o
                0x0001289e                _Z18lcd_buttons_updatev
 .text._Z10lcd_updatev
                0x00012998      0x188 ultralcd.o
                0x00012998                _Z10lcd_updatev
 .text._Z8lcd_initv
                0x00012b20       0x4e ultralcd.o
                0x00012b20                _Z8lcd_initv
 .text._Z11lcd_clickedv
                0x00012b6e        0xc ultralcd.o
                0x00012b6e                _Z11lcd_clickedv
 .text._Z7itostr2RKh
                0x00012b7a       0x30 ultralcd.o
                0x00012b7a                _Z7itostr2RKh
 .text._Z8ftostr31RKf
                0x00012baa       0x98 ultralcd.o
                0x00012baa                _Z8ftostr31RKf
 .text._ZL10lcd_move_ev
                0x00012c42       0xf4 ultralcd.o
 .text._ZL10lcd_move_zv
                0x00012d36      0x15e ultralcd.o
 .text._ZL10lcd_move_yv
                0x00012e94      0x15e ultralcd.o
 .text._ZL10lcd_move_xv
                0x00012ff2      0x15e ultralcd.o
 .text._Z8ftostr32RKf
                0x00013150      0x116 ultralcd.o
                0x00013150                _Z8ftostr32RKf
 .text._Z17menu_edit_float32v
                0x00013266      0x142 ultralcd.o
                0x00013266                _Z17menu_edit_float32v
 .text._Z7itostr3RKi
                0x000133a8       0x72 ultralcd.o
                0x000133a8                _Z7itostr3RKi
 .text._ZL49lcd_control_temperature_preheat_abs_settings_menuv
                0x0001341a      0x2da ultralcd.o
 .text._ZL49lcd_control_temperature_preheat_pla_settings_menuv
                0x000136f4      0x2da ultralcd.o
 .text._ZL13lcd_tune_menuv
                0x000139ce      0x4b4 ultralcd.o
 .text._Z7ftostr3RKf
                0x00013e82       0x2e ultralcd.o
                0x00013e82                _Z7ftostr3RKf
 .text._Z16menu_edit_float3v
                0x00013eb0      0x12c ultralcd.o
                0x00013eb0                _Z16menu_edit_float3v
 .text._Z14menu_edit_int3v
                0x00013fdc       0xfe ultralcd.o
                0x00013fdc                _Z14menu_edit_int3v
 .text._Z11itostr3leftRKi
                0x000140da       0xa8 ultralcd.o
                0x000140da                _Z11itostr3leftRKi
 .text._ZL17lcd_status_screenv
                0x00014182      0x45e ultralcd.o
 .text._Z7ftostr5RKf
                0x000145e0      0x172 ultralcd.o
                0x000145e0                _Z7ftostr5RKf
 .text._Z24menu_edit_callback_long5v
                0x00014752      0x152 ultralcd.o
                0x00014752                _Z24menu_edit_callback_long5v
 .text._Z16menu_edit_float5v
                0x000148a4      0x144 ultralcd.o
                0x000148a4                _Z16menu_edit_float5v
 .text._Z8ftostr51RKf
                0x000149e8      0x114 ultralcd.o
                0x000149e8                _Z8ftostr51RKf
 .text._Z17menu_edit_float51v
                0x00014afc      0x144 ultralcd.o
                0x00014afc                _Z17menu_edit_float51v
 .text._Z8ftostr52RKf
                0x00014c40      0x114 ultralcd.o
                0x00014c40                _Z8ftostr52RKf
 .text._ZL23lcd_control_motion_menuv
                0x00014d54      0xf86 ultralcd.o
 .text._ZL28lcd_control_temperature_menuv
                0x00015cda      0xade ultralcd.o
 .text._Z26menu_edit_callback_float52v
                0x000167b8      0x148 ultralcd.o
                0x000167b8                _Z26menu_edit_callback_float52v
 .text._Z17menu_edit_float52v
                0x00016900      0x13e ultralcd.o
                0x00016900                _Z17menu_edit_float52v
 .text._GLOBAL__sub_I_encoderDiff
                0x00016a3e       0x4e ultralcd.o
 .text.avr-libc.fplib
                0x00016a8c        0xa c:/program files (x86)/atmel/atmel toolchain/avr8 gcc/native/3.4.2.1002/avr8-gnu-toolchain/bin/../lib/gcc/avr/4.7.2/../../../../avr/lib/avr6\libm.a(addsf3.o)
                0x00016a8c                __subsf3
                0x00016a8e                __addsf3
 .text.avr-libc.fplib
                0x00016a96       0xc0 c:/program files (x86)/atmel/atmel toolchain/avr8 gcc/native/3.4.2.1002/avr8-gnu-toolchain/bin/../lib/gcc/avr/4.7.2/../../../../avr/lib/avr6\libm.a(addsf3x.o)
                0x00016ab0                __addsf3x
 .text.avr-libc.fplib
                0x00016b56       0x74 c:/program files (x86)/atmel/atmel toolchain/avr8 gcc/native/3.4.2.1002/avr8-gnu-toolchain/bin/../lib/gcc/avr/4.7.2/../../../../avr/lib/avr6\libm.a(atan2.o)
                0x00016b74                atan2
 .text.avr-libc.fplib
                0x00016bca       0x50 c:/program files (x86)/atmel/atmel toolchain/avr8 gcc/native/3.4.2.1002/avr8-gnu-toolchain/bin/../lib/gcc/avr/4.7.2/../../../../avr/lib/avr6\libm.a(atan.o)
                0x00016bca                atan
 .text.avr-libc.fplib
                0x00016c1a       0x26 c:/program files (x86)/atmel/atmel toolchain/avr8 gcc/native/3.4.2.1002/avr8-gnu-toolchain/bin/../lib/gcc/avr/4.7.2/../../../../avr/lib/avr6\libm.a(ceil.o)
                0x00016c1a                ceil
 .text.avr-libc.fplib
                0x00016c40        0x8 c:/program files (x86)/atmel/atmel toolchain/avr8 gcc/native/3.4.2.1002/avr8-gnu-toolchain/bin/../lib/gcc/avr/4.7.2/../../../../avr/lib/avr6\libm.a(cmpsf2.o)
                0x00016c40                __nesf2
                0x00016c40                __eqsf2
                0x00016c40                __cmpsf2
                0x00016c40                __ltsf2
                0x00016c40                __lesf2
 .text.avr-libc.fplib
                0x00016c48        0x6 c:/program files (x86)/atmel/atmel toolchain/avr8 gcc/native/3.4.2.1002/avr8-gnu-toolchain/bin/../lib/gcc/avr/4.7.2/../../../../avr/lib/avr6\libm.a(cos.o)
                0x00016c48                cos
 .text.avr-libc.fplib
                0x00016c4e        0x4 c:/program files (x86)/atmel/atmel toolchain/avr8 gcc/native/3.4.2.1002/avr8-gnu-toolchain/bin/../lib/gcc/avr/4.7.2/../../../../avr/lib/avr6\libm.a(divsf3.o)
                0x00016c4e                __divsf3
 .text.avr-libc.fplib
                0x00016c52       0xcc c:/program files (x86)/atmel/atmel toolchain/avr8 gcc/native/3.4.2.1002/avr8-gnu-toolchain/bin/../lib/gcc/avr/4.7.2/../../../../avr/lib/avr6\libm.a(divsf3x.o)
                0x00016c68                __divsf3x
                0x00016c6c                __divsf3_pse
 .text.avr-libc.fplib
                0x00016d1e        0xa c:/program files (x86)/atmel/atmel toolchain/avr8 gcc/native/3.4.2.1002/avr8-gnu-toolchain/bin/../lib/gcc/avr/4.7.2/../../../../avr/lib/avr6\libm.a(fixsfsi.o)
                0x00016d1e                __fixsfsi
 .text.avr-libc.fplib
                0x00016d28       0x58 c:/program files (x86)/atmel/atmel toolchain/avr8 gcc/native/3.4.2.1002/avr8-gnu-toolchain/bin/../lib/gcc/avr/4.7.2/../../../../avr/lib/avr6\libm.a(fixunssfsi.o)
                0x00016d28                __fixunssfsi
 .text.avr-libc.fplib
                0x00016d80       0x7a c:/program files (x86)/atmel/atmel toolchain/avr8 gcc/native/3.4.2.1002/avr8-gnu-toolchain/bin/../lib/gcc/avr/4.7.2/../../../../avr/lib/avr6\libm.a(floatsisf.o)
                0x00016d80                __floatunsisf
                0x00016d84                __floatsisf
 .text.avr-libc.fplib
                0x00016dfa       0x26 c:/program files (x86)/atmel/atmel toolchain/avr8 gcc/native/3.4.2.1002/avr8-gnu-toolchain/bin/../lib/gcc/avr/4.7.2/../../../../avr/lib/avr6\libm.a(floor.o)
                0x00016dfa                floor
 .text.avr-libc.fplib
                0x00016e20       0x48 c:/program files (x86)/atmel/atmel toolchain/avr8 gcc/native/3.4.2.1002/avr8-gnu-toolchain/bin/../lib/gcc/avr/4.7.2/../../../../avr/lib/avr6\libm.a(fp_cmp.o)
                0x00016e20                __fp_cmp
 .text.avr-libc.fplib
                0x00016e68        0xc c:/program files (x86)/atmel/atmel toolchain/avr8 gcc/native/3.4.2.1002/avr8-gnu-toolchain/bin/../lib/gcc/avr/4.7.2/../../../../avr/lib/avr6\libm.a(fp_inf.o)
                0x00016e68                __fp_inf
 .text.avr-libc.fplib
                0x00016e74       0x36 c:/program files (x86)/atmel/atmel toolchain/avr8 gcc/native/3.4.2.1002/avr8-gnu-toolchain/bin/../lib/gcc/avr/4.7.2/../../../../avr/lib/avr6\libm.a(fp_mintl.o)
                0x00016e74                __fp_mintl
 .text.avr-libc.fplib
                0x00016eaa       0x1c c:/program files (x86)/atmel/atmel toolchain/avr8 gcc/native/3.4.2.1002/avr8-gnu-toolchain/bin/../lib/gcc/avr/4.7.2/../../../../avr/lib/avr6\libm.a(fp_mpack.o)
                0x00016eaa                __fp_mpack
                0x00016eae                __fp_mpack_finite
 .text.avr-libc.fplib
                0x00016ec6        0x6 c:/program files (x86)/atmel/atmel toolchain/avr8 gcc/native/3.4.2.1002/avr8-gnu-toolchain/bin/../lib/gcc/avr/4.7.2/../../../../avr/lib/avr6\libm.a(fp_nan.o)
                0x00016ec6                __fp_nan
 .text.avr-libc.fplib
                0x00016ecc       0x4a c:/program files (x86)/atmel/atmel toolchain/avr8 gcc/native/3.4.2.1002/avr8-gnu-toolchain/bin/../lib/gcc/avr/4.7.2/../../../../avr/lib/avr6\libm.a(fp_powser.o)
                0x00016ecc                __fp_powser
 .text.avr-libc.fplib
                0x00016f16        0xe c:/program files (x86)/atmel/atmel toolchain/avr8 gcc/native/3.4.2.1002/avr8-gnu-toolchain/bin/../lib/gcc/avr/4.7.2/../../../../avr/lib/avr6\libm.a(fp_pscA.o)
                0x00016f16                __fp_pscA
 .text.avr-libc.fplib
                0x00016f24        0xe c:/program files (x86)/atmel/atmel toolchain/avr8 gcc/native/3.4.2.1002/avr8-gnu-toolchain/bin/../lib/gcc/avr/4.7.2/../../../../avr/lib/avr6\libm.a(fp_pscB.o)
                0x00016f24                __fp_pscB
 .text.avr-libc.fplib
                0x00016f32       0x50 c:/program files (x86)/atmel/atmel toolchain/avr8 gcc/native/3.4.2.1002/avr8-gnu-toolchain/bin/../lib/gcc/avr/4.7.2/../../../../avr/lib/avr6\libm.a(fp_rempio2.o)
                0x00016f34                __fp_rempio2
 .text.avr-libc.fplib
                0x00016f82       0x22 c:/program files (x86)/atmel/atmel toolchain/avr8 gcc/native/3.4.2.1002/avr8-gnu-toolchain/bin/../lib/gcc/avr/4.7.2/../../../../avr/lib/avr6\libm.a(fp_round.o)
                0x00016f82                __fp_round
 .text.avr-libc.fplib
                0x00016fa4       0x22 c:/program files (x86)/atmel/atmel toolchain/avr8 gcc/native/3.4.2.1002/avr8-gnu-toolchain/bin/../lib/gcc/avr/4.7.2/../../../../avr/lib/avr6\libm.a(fp_sinus.o)
                0x00016fa4                __fp_sinus
 .text.avr-libc.fplib
                0x00016fc6       0x44 c:/program files (x86)/atmel/atmel toolchain/avr8 gcc/native/3.4.2.1002/avr8-gnu-toolchain/bin/../lib/gcc/avr/4.7.2/../../../../avr/lib/avr6\libm.a(fp_split3.o)
                0x00016fc6                __fp_split3
                0x00016fd6                __fp_splitA
 .text.avr-libc.fplib
                0x0001700a       0x2e c:/program files (x86)/atmel/atmel toolchain/avr8 gcc/native/3.4.2.1002/avr8-gnu-toolchain/bin/../lib/gcc/avr/4.7.2/../../../../avr/lib/avr6\libm.a(fp_trunc.o)
                0x0001700a                __fp_trunc
 .text.avr-libc.fplib
                0x00017038        0xe c:/program files (x86)/atmel/atmel toolchain/avr8 gcc/native/3.4.2.1002/avr8-gnu-toolchain/bin/../lib/gcc/avr/4.7.2/../../../../avr/lib/avr6\libm.a(fp_zero.o)
                0x00017038                __fp_zero
                0x0001703a                __fp_szero
 .text.avr-libc.fplib
                0x00017046        0x8 c:/program files (x86)/atmel/atmel toolchain/avr8 gcc/native/3.4.2.1002/avr8-gnu-toolchain/bin/../lib/gcc/avr/4.7.2/../../../../avr/lib/avr6\libm.a(gesf2.o)
                0x00017046                __gesf2
                0x00017046                __gtsf2
 .text.avr-libc.fplib
                0x0001704e       0xc2 c:/program files (x86)/atmel/atmel toolchain/avr8 gcc/native/3.4.2.1002/avr8-gnu-toolchain/bin/../lib/gcc/avr/4.7.2/../../../../avr/lib/avr6\libm.a(hypot.o)
                0x00017060                hypot
 .text.avr-libc.fplib
                0x00017110        0xe c:/program files (x86)/atmel/atmel toolchain/avr8 gcc/native/3.4.2.1002/avr8-gnu-toolchain/bin/../lib/gcc/avr/4.7.2/../../../../avr/lib/avr6\libm.a(inverse.o)
                0x00017110                inverse
 .text.avr-libc.fplib
                0x0001711e       0x6c c:/program files (x86)/atmel/atmel toolchain/avr8 gcc/native/3.4.2.1002/avr8-gnu-toolchain/bin/../lib/gcc/avr/4.7.2/../../../../avr/lib/avr6\libm.a(ldexp.o)
                0x00017122                ldexp
 .text.avr-libc.fplib
                0x0001718a       0x60 c:/program files (x86)/atmel/atmel toolchain/avr8 gcc/native/3.4.2.1002/avr8-gnu-toolchain/bin/../lib/gcc/avr/4.7.2/../../../../avr/lib/avr6\libm.a(lround.o)
                0x0001718a                lround
 .text.avr-libc.fplib
                0x000171ea        0x4 c:/program files (x86)/atmel/atmel toolchain/avr8 gcc/native/3.4.2.1002/avr8-gnu-toolchain/bin/../lib/gcc/avr/4.7.2/../../../../avr/lib/avr6\libm.a(mulsf3.o)
                0x000171ea                __mulsf3
 .text.avr-libc.fplib
                0x000171ee       0xc2 c:/program files (x86)/atmel/atmel toolchain/avr8 gcc/native/3.4.2.1002/avr8-gnu-toolchain/bin/../lib/gcc/avr/4.7.2/../../../../avr/lib/avr6\libm.a(mulsf3x.o)
                0x00017202                __mulsf3x
                0x00017206                __mulsf3_pse
 .text.avr-libc.fplib
                0x000172b0        0xc c:/program files (x86)/atmel/atmel toolchain/avr8 gcc/native/3.4.2.1002/avr8-gnu-toolchain/bin/../lib/gcc/avr/4.7.2/../../../../avr/lib/avr6\libm.a(sin.o)
                0x000172b0                sin
 .text.avr-libc.fplib
                0x000172bc       0x84 c:/program files (x86)/atmel/atmel toolchain/avr8 gcc/native/3.4.2.1002/avr8-gnu-toolchain/bin/../lib/gcc/avr/4.7.2/../../../../avr/lib/avr6\libm.a(sqrt.o)
                0x000172c4                sqrt
 .text.avr-libc.fplib
                0x00017340        0x6 c:/program files (x86)/atmel/atmel toolchain/avr8 gcc/native/3.4.2.1002/avr8-gnu-toolchain/bin/../lib/gcc/avr/4.7.2/../../../../avr/lib/avr6\libm.a(square.o)
                0x00017340                square
 .text.avr-libc.fplib
                0x00017346        0xe c:/program files (x86)/atmel/atmel toolchain/avr8 gcc/native/3.4.2.1002/avr8-gnu-toolchain/bin/../lib/gcc/avr/4.7.2/../../../../avr/lib/avr6\libm.a(fp_norm2.o)
                0x00017346                __fp_norm2
 .text.avr-libc.fplib
                0x00017354       0x22 c:/program files (x86)/atmel/atmel toolchain/avr8 gcc/native/3.4.2.1002/avr8-gnu-toolchain/bin/../lib/gcc/avr/4.7.2/../../../../avr/lib/avr6\libm.a(fp_powsodd.o)
                0x00017354                __fp_powsodd
 .text.__vector_23
                0x00017376       0x90 C:\Users\Shady\Documents\Atmel Studio\arduinoCoreMega\libcore.a(wiring.c.o)
                0x00017376                __vector_23
 .text.millis   0x00017406       0x1c C:\Users\Shady\Documents\Atmel Studio\arduinoCoreMega\libcore.a(wiring.c.o)
                0x00017406                millis
 .text.delay    0x00017422       0xb2 C:\Users\Shady\Documents\Atmel Studio\arduinoCoreMega\libcore.a(wiring.c.o)
                0x00017422                delay
 .text.delayMicroseconds
                0x000174d4       0x14 C:\Users\Shady\Documents\Atmel Studio\arduinoCoreMega\libcore.a(wiring.c.o)
                0x000174d4                delayMicroseconds
 .text.init     0x000174e8       0xc4 C:\Users\Shady\Documents\Atmel Studio\arduinoCoreMega\libcore.a(wiring.c.o)
                0x000174e8                init
 .text.analogWrite
                0x000175ac      0x1bc C:\Users\Shady\Documents\Atmel Studio\arduinoCoreMega\libcore.a(wiring_analog.c.o)
                0x000175ac                analogWrite
 .text.pinMode  0x00017768       0x7e C:\Users\Shady\Documents\Atmel Studio\arduinoCoreMega\libcore.a(wiring_digital.c.o)
                0x00017768                pinMode
 .text.turnOffPWM
                0x000177e6       0xe8 C:\Users\Shady\Documents\Atmel Studio\arduinoCoreMega\libcore.a(wiring_digital.c.o)
 .text.digitalWrite
                0x000178ce       0x64 C:\Users\Shady\Documents\Atmel Studio\arduinoCoreMega\libcore.a(wiring_digital.c.o)
                0x000178ce                digitalWrite
 .text.main     0x00017932       0x1c C:\Users\Shady\Documents\Atmel Studio\arduinoCoreMega\libcore.a(main.cpp.o)
                0x00017932                main
 .text.__cxa_pure_virtual
                0x0001794e        0x2 C:\Users\Shady\Documents\Atmel Studio\arduinoCoreMega\libcore.a(new.cpp.o)
                0x0001794e                __cxa_pure_virtual
 .text._ZN5Print5writeEPKhj
                0x00017950       0x54 C:\Users\Shady\Documents\Atmel Studio\arduinoCoreMega\libcore.a(Print.cpp.o)
                0x00017950                _ZN5Print5writeEPKhj
 .text._ZN5Print5printEc
                0x000179a4       0x10 C:\Users\Shady\Documents\Atmel Studio\arduinoCoreMega\libcore.a(Print.cpp.o)
                0x000179a4                _ZN5Print5printEc
 .text._ZN5Print5writeEPKc
                0x000179b4       0x38 C:\Users\Shady\Documents\Atmel Studio\arduinoCoreMega\libcore.a(Print.cpp.o)
                0x000179b4                _ZN5Print5writeEPKc
 .text._ZN5Print5printEPKc
                0x000179ec        0x4 C:\Users\Shady\Documents\Atmel Studio\arduinoCoreMega\libcore.a(Print.cpp.o)
                0x000179ec                _ZN5Print5printEPKc
 .text._Z12disableTimerh
                0x000179f0       0x66 C:\Users\Shady\Documents\Atmel Studio\arduinoCoreMega\libcore.a(Tone.cpp.o)
                0x000179f0                _Z12disableTimerh
 .text._Z6noToneh
                0x00017a56       0x2a C:\Users\Shady\Documents\Atmel Studio\arduinoCoreMega\libcore.a(Tone.cpp.o)
                0x00017a56                _Z6noToneh
 .text.__vector_13
                0x00017a80       0xbe C:\Users\Shady\Documents\Atmel Studio\arduinoCoreMega\libcore.a(Tone.cpp.o)
                0x00017a80                __vector_13
 .text._Z4tonehjm
                0x00017b3e      0x5dc C:\Users\Shady\Documents\Atmel Studio\arduinoCoreMega\libcore.a(Tone.cpp.o)
                0x00017b3e                _Z4tonehjm
 .text.libgcc.mul
                0x0001811a       0x1e c:/program files (x86)/atmel/atmel toolchain/avr8 gcc/native/3.4.2.1002/avr8-gnu-toolchain/bin/../lib/gcc/avr/4.7.2/avr6\libgcc.a(_mulsi3.o)
                0x0001811a                __mulsi3
 .text.libgcc.div
                0x00018138       0x26 c:/program files (x86)/atmel/atmel toolchain/avr8 gcc/native/3.4.2.1002/avr8-gnu-toolchain/bin/../lib/gcc/avr/4.7.2/avr6\libgcc.a(_divmodhi4.o)
                0x00018138                _div
                0x00018138                __divmodhi4
 .text.libgcc.div
                0x0001815e       0x44 c:/program files (x86)/atmel/atmel toolchain/avr8 gcc/native/3.4.2.1002/avr8-gnu-toolchain/bin/../lib/gcc/avr/4.7.2/avr6\libgcc.a(_udivmodsi4.o)
                0x0001815e                __udivmodsi4
 .text.libgcc.div
                0x000181a2       0x36 c:/program files (x86)/atmel/atmel toolchain/avr8 gcc/native/3.4.2.1002/avr8-gnu-toolchain/bin/../lib/gcc/avr/4.7.2/avr6\libgcc.a(_divmodsi4.o)
                0x000181a2                __divmodsi4
 .text.libgcc.mul
                0x000181d8       0x18 c:/program files (x86)/atmel/atmel toolchain/avr8 gcc/native/3.4.2.1002/avr8-gnu-toolchain/bin/../lib/gcc/avr/4.7.2/avr6\libgcc.a(_umulhisi3.o)
                0x000181d8                __umulhisi3
 .text.libgcc.mul
                0x000181f0       0x14 c:/program files (x86)/atmel/atmel toolchain/avr8 gcc/native/3.4.2.1002/avr8-gnu-toolchain/bin/../lib/gcc/avr/4.7.2/avr6\libgcc.a(_muluhisi3.o)
                0x000181f0                __muluhisi3
 .text.libgcc.mul
                0x00018204        0xc c:/program files (x86)/atmel/atmel toolchain/avr8 gcc/native/3.4.2.1002/avr8-gnu-toolchain/bin/../lib/gcc/avr/4.7.2/avr6\libgcc.a(_mulshisi3.o)
                0x00018204                __mulshisi3
                0x00018208                __mulohisi3
 .text.libgcc   0x00018210        0x8 c:/program files (x86)/atmel/atmel toolchain/avr8 gcc/native/3.4.2.1002/avr8-gnu-toolchain/bin/../lib/gcc/avr/4.7.2/avr6\libgcc.a(_tablejump_elpm.o)
                0x00018210                __tablejump_elpm__
 .text.libgcc.div
                0x00018218       0x28 c:/program files (x86)/atmel/atmel toolchain/avr8 gcc/native/3.4.2.1002/avr8-gnu-toolchain/bin/../lib/gcc/avr/4.7.2/avr6\libgcc.a(_udivmodhi4.o)
                0x00018218                __udivmodhi4
 .text.avr-libc
                0x00018240      0x2ac c:/program files (x86)/atmel/atmel toolchain/avr8 gcc/native/3.4.2.1002/avr8-gnu-toolchain/bin/../lib/gcc/avr/4.7.2/../../../../avr/lib/avr6\libc.a(strtod.o)
                0x00018240                strtod
 .text.avr-libc
                0x000184ec      0x252 c:/program files (x86)/atmel/atmel toolchain/avr8 gcc/native/3.4.2.1002/avr8-gnu-toolchain/bin/../lib/gcc/avr/4.7.2/../../../../avr/lib/avr6\libc.a(strtol.o)
                0x000184ec                strtol
 .text.avr-libc
                0x0001873e       0x10 c:/program files (x86)/atmel/atmel toolchain/avr8 gcc/native/3.4.2.1002/avr8-gnu-toolchain/bin/../lib/gcc/avr/4.7.2/../../../../avr/lib/avr6\libc.a(isspace.o)
                0x0001873e                isspace
 .text.avr-libc
                0x0001874e       0x10 c:/program files (x86)/atmel/atmel toolchain/avr8 gcc/native/3.4.2.1002/avr8-gnu-toolchain/bin/../lib/gcc/avr/4.7.2/../../../../avr/lib/avr6\libc.a(tolower.o)
                0x0001874e                tolower
 .text.avr-libc